Archive member included to satisfy reference by file (symbol)

/opt/microchip/xc32/v4.45/bin/bin/../../lib/gcc/pic32c/8.3.1/../../../../pic32c/lib/thumb/v8-m.base/nofp/libpic32c.a(data_init.o)
                              /tmp/ccn0hoEO.o (__pic32c_data_initialization)
/opt/microchip/xc32/v4.45/bin/bin/../../lib/gcc/pic32c/8.3.1/../../../../pic32c/lib/thumb/v8-m.base/nofp/libm-fast-emfloat.a(__aeabi_dadd.o)
                              build/default/production/mini_project_1.o (__aeabi_dadd)
/opt/microchip/xc32/v4.45/bin/bin/../../lib/gcc/pic32c/8.3.1/../../../../pic32c/lib/thumb/v8-m.base/nofp/libm-fast-emfloat.a(__aeabi_dsub.o)
                              build/default/production/mini_project_1.o (__aeabi_dsub)
/opt/microchip/xc32/v4.45/bin/bin/../../lib/gcc/pic32c/8.3.1/../../../../pic32c/lib/thumb/v8-m.base/nofp/libm-fast-emfloat.a(__aeabi_d2uiz.o)
                              build/default/production/mini_project_1.o (__aeabi_d2uiz)
/opt/microchip/xc32/v4.45/bin/bin/../../lib/gcc/pic32c/8.3.1/../../../../pic32c/lib/thumb/v8-m.base/nofp/libm-fast-emfloat.a(__aeabi_ui2d.o)
                              build/default/production/mini_project_1.o (__aeabi_ui2d)
/opt/microchip/xc32/v4.45/bin/bin/../../lib/gcc/pic32c/8.3.1/../../../../pic32c/lib/thumb/v8-m.base/nofp/libc-musl.a(__libc_start_main.o)
                              /tmp/ccn0hoEO.o (__libc_init_array)
/opt/microchip/xc32/v4.45/bin/bin/../../lib/gcc/pic32c/8.3.1/../../../../pic32c/lib/thumb/v8-m.base/nofp/libc-musl.a(libc.o)
                              /opt/microchip/xc32/v4.45/bin/bin/../../lib/gcc/pic32c/8.3.1/../../../../pic32c/lib/thumb/v8-m.base/nofp/libc-musl.a(__libc_start_main.o) (__progname_full)
/opt/microchip/xc32/v4.45/bin/bin/../../lib/gcc/pic32c/8.3.1/../../../../pic32c/lib/thumb/v8-m.base/nofp/libc-musl.a(__environ.o)
                              /opt/microchip/xc32/v4.45/bin/bin/../../lib/gcc/pic32c/8.3.1/../../../../pic32c/lib/thumb/v8-m.base/nofp/libc-musl.a(__libc_start_main.o) (__environ)
/opt/microchip/xc32/v4.45/bin/bin/../../lib/gcc/pic32c/8.3.1/../../../../pic32c/lib/thumb/v8-m.base/nofp/libpic32c.a(pic32_data_init_clear.o)
                              (__dinit_clear_needed)
/opt/microchip/xc32/v4.45/bin/bin/../../lib/gcc/pic32c/8.3.1/../../../../pic32c/lib/thumb/v8-m.base/nofp/libpic32c.a(pic32_data_init_copy.o)
                              (__dinit_copy_needed)

Microchip PIC32 Memory-Usage Report

ROM Program-Memory Usage
section                    address  length [bytes]      (dec)  Description
-------                 ----------  -------------------------  -----------
.vectors                         0          0x15c         348   
.text                        0x15c           0x20          32  App's exec code 
.text                        0x17c          0xcb6        3254  App's exec code 
.text.__aeabi_dadd           0xe32          0x1c8         456   
.text.Reset_Handler          0xffa           0x7e         126   
.dinit                      0x1078           0x70         112   
.text.__libc_start_init     0x10e8           0x5c          92   
.text                       0x1144           0x40          64  App's exec code 
.text.__pic32c_data_ini     0x1184           0x30          48   
.text.__aeabi_d2uiz         0x11b4           0x2e          46   
.text.__dinit_copy          0x11e2           0x1e          30   
.text.__aeabi_ui2d          0x1200           0x1a          26   
.text.Dummy_Handler         0x121a            0x2           2   
.rodata                     0x121c           0x14          20  Read-only const 
.text.__aeabi_dsub          0x1230           0x12          18   
.text.__dinit_clear         0x1242           0x12          18   
.text.__dummy_decompres     0x1254            0x4           4   
.text.__dummy               0x1258            0x2           2   
      Total ROM used  :      0x125a        4698  1.8% of 0x40000
        --------------------------------------------------------------------------
         Total Program Memory used  :      0x125a        4698  1.8% of 0x40000
        --------------------------------------------------------------------------


RAM Data-Memory Usage
section                    address  length [bytes]      (dec)  Description
-------                 ----------  -------------------------  -----------
.bss                    0x20000000           0x50          80  Uninitialized data 
.bss                    0x20000050           0x1c          28  Uninitialized data 
.bss                    0x2000006c            0x8           8  Uninitialized data 
.bss                    0x20000074            0x4           4  Uninitialized data 
.bss                    0x20000078            0x4           4  Uninitialized data 
.data                   0x2000007c            0x4           4  Initialized data 
.data                   0x20000080            0x4           4  Initialized data 
.eh_frame               0x20000084            0x4           4   
         Total RAM used  :        0x88         136  0.4% of 0x8000
        --------------------------------------------------------------------------
            Total Data Memory used  :        0x88         136  0.4% of 0x8000
        --------------------------------------------------------------------------


Dynamic Data-Memory Reservation
section                    address  length [bytes]      (dec)  Description
-------                 ----------  -------------------------  -----------
heap                    0x20000090           0x10          16  Reserved for heap 
stack                   0x200000b8         0x7f40       32576  Reserved for stack 

        --------------------------------------------------------------------------

Microchip PIC32 Memory-Usage Report By Module

        text        data         bss         dec         hex    basename                   filename
--------------------------------------------------------------------------------
        3254           4           8        3266         cc2    mini_project_1.o       build/default/production/mini_project_1.o
         476           0           0         476         1dc    ccn0hoEO.o             /tmp/ccn0hoEO.o
         456           0           0         456         1c8    __aeabi_dadd.o         libm-fast-emfloat.a
         112           0           0         112          70    data_init              data_init
          72           4          28         104          68    crtbegin.o             /opt/microchip/xc32/v4.45/bin/bin/../../lib/gcc/pic32c/8.3.1/thumb/v8-m.base/nofp/crtbegin.o
          94           0           0          94          5e    __libc_start_main.o    libc-musl.a
           0           0          80          80          50    libc.o                 libc-musl.a
          72           0           4          76          4c    data_init.o            libpic32c.a
          46           0           0          46          2e    __aeabi_d2uiz.o        libm-fast-emfloat.a
          30           0           0          30          1e    pic32_data_init_copy.o libpic32c.a
          26           0           0          26          1a    __aeabi_ui2d.o         libm-fast-emfloat.a
          18           0           0          18          12    pic32_data_init_clear.olibpic32c.a
          18           0           0          18          12    __aeabi_dsub.o         libm-fast-emfloat.a
          16           0           0          16          10    crtn.o                 /opt/microchip/xc32/v4.45/bin/bin/../../lib/gcc/pic32c/8.3.1/thumb/v8-m.base/nofp/crtn.o
           8           0           0           8           8    crti.o                 /opt/microchip/xc32/v4.45/bin/bin/../../lib/gcc/pic32c/8.3.1/thumb/v8-m.base/nofp/crti.o
           0           4           0           4           4    crtend.o               /opt/microchip/xc32/v4.45/bin/bin/../../lib/gcc/pic32c/8.3.1/thumb/v8-m.base/nofp/crtend.o
           0           0           4           4           4    __environ.o            libc-musl.a
--------------------------------------------------------------------------------
        4698          12         124        4834        12e2    dist/default/production/Mini_Project_1.X.production.elf


Discarded input sections

 .xc_stack_usage.hdr
                0x0000000000000000        0xe /opt/microchip/xc32/v4.45/bin/bin/../../lib/gcc/pic32c/8.3.1/thumb/v8-m.base/nofp/crti.o
 .xc_stack_usage
                0x0000000000000000       0x26 /opt/microchip/xc32/v4.45/bin/bin/../../lib/gcc/pic32c/8.3.1/thumb/v8-m.base/nofp/crti.o
 .xc_stack_usage
                0x0000000000000000       0x3c /opt/microchip/xc32/v4.45/bin/bin/../../lib/gcc/pic32c/8.3.1/thumb/v8-m.base/nofp/crtbegin.o
 .xc_stack_usage.hdr
                0x0000000000000000        0xe /opt/microchip/xc32/v4.45/bin/bin/../../lib/gcc/pic32c/8.3.1/thumb/v8-m.base/nofp/crtbegin.o
 .xc_stack_usage
                0x0000000000000000       0x4a /opt/microchip/xc32/v4.45/bin/bin/../../lib/gcc/pic32c/8.3.1/../../../../pic32c/lib/thumb/v8-m.base/nofp/libpic32c.a(data_init.o)
 .xc_stack_usage.hdr
                0x0000000000000000        0xe /opt/microchip/xc32/v4.45/bin/bin/../../lib/gcc/pic32c/8.3.1/../../../../pic32c/lib/thumb/v8-m.base/nofp/libpic32c.a(data_init.o)
 .xc_stack_usage.hdr
                0x0000000000000000        0xe /opt/microchip/xc32/v4.45/bin/bin/../../lib/gcc/pic32c/8.3.1/../../../../pic32c/lib/thumb/v8-m.base/nofp/libm-fast-emfloat.a(__aeabi_dadd.o)
 .xc_stack_usage
                0x0000000000000000       0x41 /opt/microchip/xc32/v4.45/bin/bin/../../lib/gcc/pic32c/8.3.1/../../../../pic32c/lib/thumb/v8-m.base/nofp/libm-fast-emfloat.a(__aeabi_dadd.o)
 .xc_stack_usage.hdr
                0x0000000000000000        0xe /opt/microchip/xc32/v4.45/bin/bin/../../lib/gcc/pic32c/8.3.1/../../../../pic32c/lib/thumb/v8-m.base/nofp/libm-fast-emfloat.a(__aeabi_dsub.o)
 .xc_stack_usage
                0x0000000000000000       0x1a /opt/microchip/xc32/v4.45/bin/bin/../../lib/gcc/pic32c/8.3.1/../../../../pic32c/lib/thumb/v8-m.base/nofp/libm-fast-emfloat.a(__aeabi_dsub.o)
 .xc_stack_usage.hdr
                0x0000000000000000        0xe /opt/microchip/xc32/v4.45/bin/bin/../../lib/gcc/pic32c/8.3.1/../../../../pic32c/lib/thumb/v8-m.base/nofp/libm-fast-emfloat.a(__aeabi_d2uiz.o)
 .xc_stack_usage
                0x0000000000000000       0x43 /opt/microchip/xc32/v4.45/bin/bin/../../lib/gcc/pic32c/8.3.1/../../../../pic32c/lib/thumb/v8-m.base/nofp/libm-fast-emfloat.a(__aeabi_d2uiz.o)
 .xc_stack_usage.hdr
                0x0000000000000000        0xe /opt/microchip/xc32/v4.45/bin/bin/../../lib/gcc/pic32c/8.3.1/../../../../pic32c/lib/thumb/v8-m.base/nofp/libm-fast-emfloat.a(__aeabi_ui2d.o)
 .xc_stack_usage
                0x0000000000000000       0x1a /opt/microchip/xc32/v4.45/bin/bin/../../lib/gcc/pic32c/8.3.1/../../../../pic32c/lib/thumb/v8-m.base/nofp/libm-fast-emfloat.a(__aeabi_ui2d.o)
 .xc_stack_usage
                0x0000000000000000       0x34 /opt/microchip/xc32/v4.45/bin/bin/../../lib/gcc/pic32c/8.3.1/../../../../pic32c/lib/thumb/v8-m.base/nofp/libc-musl.a(__libc_start_main.o)
 .xc_stack_usage.hdr
                0x0000000000000000        0xe /opt/microchip/xc32/v4.45/bin/bin/../../lib/gcc/pic32c/8.3.1/../../../../pic32c/lib/thumb/v8-m.base/nofp/libc-musl.a(__libc_start_main.o)
 .xc_stack_usage.hdr
                0x0000000000000000        0xe /opt/microchip/xc32/v4.45/bin/bin/../../lib/gcc/pic32c/8.3.1/../../../../pic32c/lib/thumb/v8-m.base/nofp/libc-musl.a(libc.o)
 .xc_stack_usage.hdr
                0x0000000000000000        0xe /opt/microchip/xc32/v4.45/bin/bin/../../lib/gcc/pic32c/8.3.1/../../../../pic32c/lib/thumb/v8-m.base/nofp/libc-musl.a(__environ.o)
 .xc_stack_usage.hdr
                0x0000000000000000        0xe /opt/microchip/xc32/v4.45/bin/bin/../../lib/gcc/pic32c/8.3.1/thumb/v8-m.base/nofp/crtend.o
 .xc_stack_usage.hdr
                0x0000000000000000        0xe /opt/microchip/xc32/v4.45/bin/bin/../../lib/gcc/pic32c/8.3.1/thumb/v8-m.base/nofp/crtn.o
 .xc_stack_usage
                0x0000000000000000       0x1b /opt/microchip/xc32/v4.45/bin/bin/../../lib/gcc/pic32c/8.3.1/../../../../pic32c/lib/thumb/v8-m.base/nofp/libpic32c.a(pic32_data_init_clear.o)
 .xc_stack_usage.hdr
                0x0000000000000000        0xe /opt/microchip/xc32/v4.45/bin/bin/../../lib/gcc/pic32c/8.3.1/../../../../pic32c/lib/thumb/v8-m.base/nofp/libpic32c.a(pic32_data_init_clear.o)
 .xc_stack_usage
                0x0000000000000000       0x1a /opt/microchip/xc32/v4.45/bin/bin/../../lib/gcc/pic32c/8.3.1/../../../../pic32c/lib/thumb/v8-m.base/nofp/libpic32c.a(pic32_data_init_copy.o)
 .xc_stack_usage.hdr
                0x0000000000000000        0xe /opt/microchip/xc32/v4.45/bin/bin/../../lib/gcc/pic32c/8.3.1/../../../../pic32c/lib/thumb/v8-m.base/nofp/libpic32c.a(pic32_data_init_copy.o)

Memory Configuration

Name             Origin             Length             Attributes
rom              0x0000000000000000 0x0000000000040000 xrl
rom_nsc          0x0000000000040000 0x0000000000000000 xrl
ram              0x0000000020000000 0x0000000000008000 xw !r
config_00804000  0x0000000000804000 0x0000000000000004
config_00804004  0x0000000000804004 0x0000000000000004
config_00804008  0x0000000000804008 0x0000000000000004
config_0080400C  0x000000000080400c 0x0000000000000004
config_00804010  0x0000000000804010 0x0000000000000004
config_00804014  0x0000000000804014 0x0000000000000004
config_00804018  0x0000000000804018 0x0000000000000004
config_0080401C  0x000000000080401c 0x0000000000000004
config_00804020  0x0000000000804020 0x0000000000000004
*default*        0x0000000000000000 0xffffffffffffffff

Linker script and memory map

LOAD /opt/microchip/xc32/v4.45/bin/bin/../../lib/gcc/pic32c/8.3.1/thumb/v8-m.base/nofp/crti.o
LOAD /opt/microchip/xc32/v4.45/bin/bin/../../lib/gcc/pic32c/8.3.1/thumb/v8-m.base/nofp/crtbegin.o
LOAD build/default/production/mini_project_1.o
                0x0000000000000001                __MPLAB_BUILD = 0x1
LOAD /tmp/ccn0hoEO.o
START GROUP
LOAD /opt/microchip/xc32/v4.45/bin/bin/../../lib/gcc/pic32c/8.3.1/../../../../pic32c/lib/thumb/v8-m.base/nofp/libpic32c.a
LOAD /opt/microchip/xc32/v4.45/bin/bin/../../lib/gcc/pic32c/8.3.1/../../../../pic32c/lib/thumb/v8-m.base/nofp/libc-size-musl.a
LOAD /opt/microchip/xc32/v4.45/bin/bin/../../lib/gcc/pic32c/8.3.1/../../../../pic32c/lib/thumb/v8-m.base/nofp/liblmalloc-musl.a
LOAD /opt/microchip/xc32/v4.45/bin/bin/../../lib/gcc/pic32c/8.3.1/../../../../pic32c/lib/thumb/v8-m.base/nofp/libm-fast-emfloat.a
LOAD /opt/microchip/xc32/v4.45/bin/bin/../../lib/gcc/pic32c/8.3.1/../../../../pic32c/lib/thumb/v8-m.base/nofp/libm-musl.a
LOAD /opt/microchip/xc32/v4.45/bin/bin/../../lib/gcc/pic32c/8.3.1/../../../../pic32c/lib/thumb/v8-m.base/nofp/libc-musl.a
LOAD /opt/microchip/xc32/v4.45/bin/bin/../../lib/gcc/pic32c/8.3.1/../../../../pic32c/lib/thumb/v8-m.base/nofp/libm-fast-emfloat.a
LOAD /opt/microchip/xc32/v4.45/bin/bin/../../lib/gcc/pic32c/8.3.1/../../../../pic32c/lib/thumb/v8-m.base/nofp/libm-musl.a
LOAD /opt/microchip/xc32/v4.45/bin/bin/../../lib/gcc/pic32c/8.3.1/thumb/v8-m.base/nofp/libgcc.a
END GROUP
LOAD /opt/microchip/xc32/v4.45/bin/bin/../../lib/gcc/pic32c/8.3.1/thumb/v8-m.base/nofp/crtend.o
LOAD /opt/microchip/xc32/v4.45/bin/bin/../../lib/gcc/pic32c/8.3.1/thumb/v8-m.base/nofp/crtn.o
                0x0000000000040000                __rom_end = (ORIGIN (rom) + LENGTH (rom))
                0x0000000000040000                __rom_nsc_end = (ORIGIN (rom_nsc) + LENGTH (rom_nsc))
                0x0000000020008000                __ram_end = (ORIGIN (ram) + LENGTH (ram))

.config_00804000
 *(.config_00804000)

.config_00804004
 *(.config_00804004)

.config_00804008
 *(.config_00804008)

.config_0080400C
 *(.config_0080400C)

.config_00804010
 *(.config_00804010)

.config_00804014
 *(.config_00804014)

.config_00804018
 *(.config_00804018)

.config_0080401C
 *(.config_0080401C)

.config_00804020
 *(.config_00804020)

.vectors        0x0000000000000000      0x15c
                0x0000000000000000                . = ALIGN (0x4)
                0x0000000000000000                _sfixed = .
 *(.vectors .vectors.* .vectors_default .vectors_default.*)
 .vectors.default
                0x0000000000000000      0x15c /tmp/ccn0hoEO.o
                0x0000000000000000                exception_table
 *(.isr_vector)
 *(.reset*)
 *(.after_vectors)

.text           0x000000000000015c       0x20
                0x000000000000015c                . = ALIGN (0x4)
 *(.glue_7t)
 .glue_7t       0x000000000000015c        0x0 linker stubs
 *(.glue_7)
 .glue_7        0x000000000000015c        0x0 linker stubs
 *veneer.o(.text.*)
 *nonsecure_entry.o(.text.*)
 *(.gnu.linkonce.r.*)
 *(.ARM.extab* .gnu.linkonce.armextab.*)
                0x000000000000015c                . = ALIGN (0x4)
 *(.init)
 .init          0x000000000000015c        0x4 /opt/microchip/xc32/v4.45/bin/bin/../../lib/gcc/pic32c/8.3.1/thumb/v8-m.base/nofp/crti.o
                0x000000000000015c                _init
 .init          0x0000000000000160        0x8 /opt/microchip/xc32/v4.45/bin/bin/../../lib/gcc/pic32c/8.3.1/thumb/v8-m.base/nofp/crtn.o
                0x0000000000000168                . = ALIGN (0x4)
                0x0000000000000168                __preinit_array_start = .
 *(.preinit_array)
                0x0000000000000168                __preinit_array_end = .
                0x0000000000000168                . = ALIGN (0x4)
                0x0000000000000168                __init_array_start = .
 *(SORT_BY_NAME(.init_array.*))
 *(.init_array)
 .init_array    0x0000000000000168        0x4 /opt/microchip/xc32/v4.45/bin/bin/../../lib/gcc/pic32c/8.3.1/thumb/v8-m.base/nofp/crtbegin.o
                0x000000000000016c                __init_array_end = .
                0x000000000000016c                . = ALIGN (0x4)
 *crtbegin.o(.ctors)
 *(EXCLUDE_FILE(*crtend.o) .ctors)
 *(SORT_BY_NAME(.ctors.*))
 *crtend.o(.ctors)
                0x000000000000016c                . = ALIGN (0x4)
 *(.fini)
 .fini          0x000000000000016c        0x4 /opt/microchip/xc32/v4.45/bin/bin/../../lib/gcc/pic32c/8.3.1/thumb/v8-m.base/nofp/crti.o
                0x000000000000016c                _fini
 .fini          0x0000000000000170        0x8 /opt/microchip/xc32/v4.45/bin/bin/../../lib/gcc/pic32c/8.3.1/thumb/v8-m.base/nofp/crtn.o
                0x0000000000000178                . = ALIGN (0x4)
                0x0000000000000178                __fini_array_start = .
 *(.fini_array)
 .fini_array    0x0000000000000178        0x4 /opt/microchip/xc32/v4.45/bin/bin/../../lib/gcc/pic32c/8.3.1/thumb/v8-m.base/nofp/crtbegin.o
 *(SORT_BY_NAME(.fini_array.*))
                0x000000000000017c                __fini_array_end = .
 *crtbegin.o(.dtors)
 *(EXCLUDE_FILE(*crtend.o) .dtors)
 *(SORT_BY_NAME(.dtors.*))
 *crtend.o(.dtors)
                0x000000000000017c                . = ALIGN (0x4)
                0x000000000000017c                _efixed = .
                [!provide]                        PROVIDE (__exidx_start = .)

.ARM.exidx
 *(.ARM.exidx* .gnu.linkonce.armexidx.*)
                [!provide]                        PROVIDE (__exidx_end = .)
                0x000000000000017c                . = ALIGN (0x4)
                0x000000000000017c                _etext = .
                0x000000000000017c                . = ALIGN (0x4)

.gnu.sgstubs    0x0000000000040000        0x0
                0x0000000000040000                _ssgstubs = .

.bss            0x0000000020000000        0x0
                0x0000000020000000                . = ALIGN (0x4)
                0x0000000020000000                __bss_start__ = .
                0x0000000020000000                _sbss = .
                0x0000000020000000                _szero = .
 *(COMMON)
                0x0000000020000000                . = ALIGN (0x4)
                0x0000000020000000                __bss_end__ = .
                0x0000000020000000                _ebss = .
                0x0000000020000000                _ezero = .
                0x0000000020000000                . = ALIGN (0x4)
                0x0000000020000000                _end = .
                0x0000000020007fff                _ram_end_ = ((ORIGIN (ram) + LENGTH (ram)) - 0x1)
OUTPUT(dist/default/production/Mini_Project_1.X.production.elf elf32-littlearm)
LOAD data_init
LOAD stack

.ARM.attributes
                0x0000000000000000       0x2e
 .ARM.attributes
                0x0000000000000000       0x22 /opt/microchip/xc32/v4.45/bin/bin/../../lib/gcc/pic32c/8.3.1/thumb/v8-m.base/nofp/crti.o
 .ARM.attributes
                0x0000000000000022       0x30 /opt/microchip/xc32/v4.45/bin/bin/../../lib/gcc/pic32c/8.3.1/thumb/v8-m.base/nofp/crtbegin.o
 .ARM.attributes
                0x0000000000000052       0x30 build/default/production/mini_project_1.o
 .ARM.attributes
                0x0000000000000082       0x30 /tmp/ccn0hoEO.o
 .ARM.attributes
                0x00000000000000b2       0x30 /opt/microchip/xc32/v4.45/bin/bin/../../lib/gcc/pic32c/8.3.1/../../../../pic32c/lib/thumb/v8-m.base/nofp/libpic32c.a(data_init.o)
 .ARM.attributes
                0x00000000000000e2       0x20 /opt/microchip/xc32/v4.45/bin/bin/../../lib/gcc/pic32c/8.3.1/../../../../pic32c/lib/thumb/v8-m.base/nofp/libm-fast-emfloat.a(__aeabi_dadd.o)
 .ARM.attributes
                0x0000000000000102       0x20 /opt/microchip/xc32/v4.45/bin/bin/../../lib/gcc/pic32c/8.3.1/../../../../pic32c/lib/thumb/v8-m.base/nofp/libm-fast-emfloat.a(__aeabi_dsub.o)
 .ARM.attributes
                0x0000000000000122       0x20 /opt/microchip/xc32/v4.45/bin/bin/../../lib/gcc/pic32c/8.3.1/../../../../pic32c/lib/thumb/v8-m.base/nofp/libm-fast-emfloat.a(__aeabi_d2uiz.o)
 .ARM.attributes
                0x0000000000000142       0x20 /opt/microchip/xc32/v4.45/bin/bin/../../lib/gcc/pic32c/8.3.1/../../../../pic32c/lib/thumb/v8-m.base/nofp/libm-fast-emfloat.a(__aeabi_ui2d.o)
 .ARM.attributes
                0x0000000000000162       0x32 /opt/microchip/xc32/v4.45/bin/bin/../../lib/gcc/pic32c/8.3.1/../../../../pic32c/lib/thumb/v8-m.base/nofp/libc-musl.a(__libc_start_main.o)
 .ARM.attributes
                0x0000000000000194       0x32 /opt/microchip/xc32/v4.45/bin/bin/../../lib/gcc/pic32c/8.3.1/../../../../pic32c/lib/thumb/v8-m.base/nofp/libc-musl.a(libc.o)
 .ARM.attributes
                0x00000000000001c6       0x32 /opt/microchip/xc32/v4.45/bin/bin/../../lib/gcc/pic32c/8.3.1/../../../../pic32c/lib/thumb/v8-m.base/nofp/libc-musl.a(__environ.o)
 .ARM.attributes
                0x00000000000001f8       0x30 /opt/microchip/xc32/v4.45/bin/bin/../../lib/gcc/pic32c/8.3.1/thumb/v8-m.base/nofp/crtend.o
 .ARM.attributes
                0x0000000000000228       0x22 /opt/microchip/xc32/v4.45/bin/bin/../../lib/gcc/pic32c/8.3.1/thumb/v8-m.base/nofp/crtn.o
 .ARM.attributes
                0x000000000000024a       0x30 /opt/microchip/xc32/v4.45/bin/bin/../../lib/gcc/pic32c/8.3.1/../../../../pic32c/lib/thumb/v8-m.base/nofp/libpic32c.a(pic32_data_init_clear.o)
 .ARM.attributes
                0x000000000000027a       0x30 /opt/microchip/xc32/v4.45/bin/bin/../../lib/gcc/pic32c/8.3.1/../../../../pic32c/lib/thumb/v8-m.base/nofp/libpic32c.a(pic32_data_init_copy.o)

.comment        0x0000000000000000       0x2b
 .comment       0x0000000000000000       0x2b /opt/microchip/xc32/v4.45/bin/bin/../../lib/gcc/pic32c/8.3.1/thumb/v8-m.base/nofp/crtbegin.o
                                         0x2c (size before relaxing)
 .comment       0x000000000000002b       0x2c build/default/production/mini_project_1.o
 .comment       0x000000000000002b       0x2c /tmp/ccn0hoEO.o
 .comment       0x000000000000002b       0x2c /opt/microchip/xc32/v4.45/bin/bin/../../lib/gcc/pic32c/8.3.1/../../../../pic32c/lib/thumb/v8-m.base/nofp/libpic32c.a(data_init.o)
 .comment       0x000000000000002b       0x2c /opt/microchip/xc32/v4.45/bin/bin/../../lib/gcc/pic32c/8.3.1/../../../../pic32c/lib/thumb/v8-m.base/nofp/libc-musl.a(__libc_start_main.o)
 .comment       0x000000000000002b       0x2c /opt/microchip/xc32/v4.45/bin/bin/../../lib/gcc/pic32c/8.3.1/../../../../pic32c/lib/thumb/v8-m.base/nofp/libc-musl.a(libc.o)
 .comment       0x000000000000002b       0x2c /opt/microchip/xc32/v4.45/bin/bin/../../lib/gcc/pic32c/8.3.1/../../../../pic32c/lib/thumb/v8-m.base/nofp/libc-musl.a(__environ.o)
 .comment       0x000000000000002b       0x2c /opt/microchip/xc32/v4.45/bin/bin/../../lib/gcc/pic32c/8.3.1/thumb/v8-m.base/nofp/crtend.o
 .comment       0x000000000000002b       0x2c /opt/microchip/xc32/v4.45/bin/bin/../../lib/gcc/pic32c/8.3.1/../../../../pic32c/lib/thumb/v8-m.base/nofp/libpic32c.a(pic32_data_init_clear.o)
 .comment       0x000000000000002b       0x2c /opt/microchip/xc32/v4.45/bin/bin/../../lib/gcc/pic32c/8.3.1/../../../../pic32c/lib/thumb/v8-m.base/nofp/libpic32c.a(pic32_data_init_copy.o)

.debug_info     0x0000000000000000     0x243c
 .debug_info    0x0000000000000000     0x1d61 build/default/production/mini_project_1.o
 .debug_info    0x0000000000001d61       0x54 /opt/microchip/xc32/v4.45/bin/bin/../../lib/gcc/pic32c/8.3.1/../../../../pic32c/lib/thumb/v8-m.base/nofp/libpic32c.a(data_init.o)
 .debug_info    0x0000000000001db5      0x2fb /opt/microchip/xc32/v4.45/bin/bin/../../lib/gcc/pic32c/8.3.1/../../../../pic32c/lib/thumb/v8-m.base/nofp/libc-musl.a(__libc_start_main.o)
 .debug_info    0x00000000000020b0      0x276 /opt/microchip/xc32/v4.45/bin/bin/../../lib/gcc/pic32c/8.3.1/../../../../pic32c/lib/thumb/v8-m.base/nofp/libc-musl.a(libc.o)
 .debug_info    0x0000000000002326       0x97 /opt/microchip/xc32/v4.45/bin/bin/../../lib/gcc/pic32c/8.3.1/../../../../pic32c/lib/thumb/v8-m.base/nofp/libc-musl.a(__environ.o)
 .debug_info    0x00000000000023bd       0x3f /opt/microchip/xc32/v4.45/bin/bin/../../lib/gcc/pic32c/8.3.1/../../../../pic32c/lib/thumb/v8-m.base/nofp/libpic32c.a(pic32_data_init_clear.o)
 .debug_info    0x00000000000023fc       0x40 /opt/microchip/xc32/v4.45/bin/bin/../../lib/gcc/pic32c/8.3.1/../../../../pic32c/lib/thumb/v8-m.base/nofp/libpic32c.a(pic32_data_init_copy.o)

.debug_abbrev   0x0000000000000000      0x611
 .debug_abbrev  0x0000000000000000      0x308 build/default/production/mini_project_1.o
 .debug_abbrev  0x0000000000000308       0x44 /opt/microchip/xc32/v4.45/bin/bin/../../lib/gcc/pic32c/8.3.1/../../../../pic32c/lib/thumb/v8-m.base/nofp/libpic32c.a(data_init.o)
 .debug_abbrev  0x000000000000034c      0x133 /opt/microchip/xc32/v4.45/bin/bin/../../lib/gcc/pic32c/8.3.1/../../../../pic32c/lib/thumb/v8-m.base/nofp/libc-musl.a(__libc_start_main.o)
 .debug_abbrev  0x000000000000047f       0xd4 /opt/microchip/xc32/v4.45/bin/bin/../../lib/gcc/pic32c/8.3.1/../../../../pic32c/lib/thumb/v8-m.base/nofp/libc-musl.a(libc.o)
 .debug_abbrev  0x0000000000000553       0x62 /opt/microchip/xc32/v4.45/bin/bin/../../lib/gcc/pic32c/8.3.1/../../../../pic32c/lib/thumb/v8-m.base/nofp/libc-musl.a(__environ.o)
 .debug_abbrev  0x00000000000005b5       0x2e /opt/microchip/xc32/v4.45/bin/bin/../../lib/gcc/pic32c/8.3.1/../../../../pic32c/lib/thumb/v8-m.base/nofp/libpic32c.a(pic32_data_init_clear.o)
 .debug_abbrev  0x00000000000005e3       0x2e /opt/microchip/xc32/v4.45/bin/bin/../../lib/gcc/pic32c/8.3.1/../../../../pic32c/lib/thumb/v8-m.base/nofp/libpic32c.a(pic32_data_init_copy.o)

.debug_loc      0x0000000000000000      0x5b2
 .debug_loc     0x0000000000000000      0x52c build/default/production/mini_project_1.o
 .debug_loc     0x000000000000052c       0x14 /opt/microchip/xc32/v4.45/bin/bin/../../lib/gcc/pic32c/8.3.1/../../../../pic32c/lib/thumb/v8-m.base/nofp/libpic32c.a(data_init.o)
 .debug_loc     0x0000000000000540       0x5e /opt/microchip/xc32/v4.45/bin/bin/../../lib/gcc/pic32c/8.3.1/../../../../pic32c/lib/thumb/v8-m.base/nofp/libc-musl.a(__libc_start_main.o)
 .debug_loc     0x000000000000059e       0x14 /opt/microchip/xc32/v4.45/bin/bin/../../lib/gcc/pic32c/8.3.1/../../../../pic32c/lib/thumb/v8-m.base/nofp/libpic32c.a(pic32_data_init_copy.o)

.debug_aranges  0x0000000000000000       0xe0
 .debug_aranges
                0x0000000000000000       0x20 build/default/production/mini_project_1.o
 .debug_aranges
                0x0000000000000020       0x28 /opt/microchip/xc32/v4.45/bin/bin/../../lib/gcc/pic32c/8.3.1/../../../../pic32c/lib/thumb/v8-m.base/nofp/libpic32c.a(data_init.o)
 .debug_aranges
                0x0000000000000048       0x28 /opt/microchip/xc32/v4.45/bin/bin/../../lib/gcc/pic32c/8.3.1/../../../../pic32c/lib/thumb/v8-m.base/nofp/libc-musl.a(__libc_start_main.o)
 .debug_aranges
                0x0000000000000070       0x18 /opt/microchip/xc32/v4.45/bin/bin/../../lib/gcc/pic32c/8.3.1/../../../../pic32c/lib/thumb/v8-m.base/nofp/libc-musl.a(libc.o)
 .debug_aranges
                0x0000000000000088       0x18 /opt/microchip/xc32/v4.45/bin/bin/../../lib/gcc/pic32c/8.3.1/../../../../pic32c/lib/thumb/v8-m.base/nofp/libc-musl.a(__environ.o)
 .debug_aranges
                0x00000000000000a0       0x20 /opt/microchip/xc32/v4.45/bin/bin/../../lib/gcc/pic32c/8.3.1/../../../../pic32c/lib/thumb/v8-m.base/nofp/libpic32c.a(pic32_data_init_clear.o)
 .debug_aranges
                0x00000000000000c0       0x20 /opt/microchip/xc32/v4.45/bin/bin/../../lib/gcc/pic32c/8.3.1/../../../../pic32c/lib/thumb/v8-m.base/nofp/libpic32c.a(pic32_data_init_copy.o)

.debug_line     0x0000000000000000      0xc60
 .debug_line    0x0000000000000000      0x76c build/default/production/mini_project_1.o
 .debug_line    0x000000000000076c       0x8e /opt/microchip/xc32/v4.45/bin/bin/../../lib/gcc/pic32c/8.3.1/../../../../pic32c/lib/thumb/v8-m.base/nofp/libpic32c.a(data_init.o)
 .debug_line    0x00000000000007fa      0x1bf /opt/microchip/xc32/v4.45/bin/bin/../../lib/gcc/pic32c/8.3.1/../../../../pic32c/lib/thumb/v8-m.base/nofp/libc-musl.a(__libc_start_main.o)
 .debug_line    0x00000000000009b9       0xb5 /opt/microchip/xc32/v4.45/bin/bin/../../lib/gcc/pic32c/8.3.1/../../../../pic32c/lib/thumb/v8-m.base/nofp/libc-musl.a(libc.o)
 .debug_line    0x0000000000000a6e       0xfb /opt/microchip/xc32/v4.45/bin/bin/../../lib/gcc/pic32c/8.3.1/../../../../pic32c/lib/thumb/v8-m.base/nofp/libc-musl.a(__environ.o)
 .debug_line    0x0000000000000b69       0x6f /opt/microchip/xc32/v4.45/bin/bin/../../lib/gcc/pic32c/8.3.1/../../../../pic32c/lib/thumb/v8-m.base/nofp/libpic32c.a(pic32_data_init_clear.o)
 .debug_line    0x0000000000000bd8       0x88 /opt/microchip/xc32/v4.45/bin/bin/../../lib/gcc/pic32c/8.3.1/../../../../pic32c/lib/thumb/v8-m.base/nofp/libpic32c.a(pic32_data_init_copy.o)

.debug_str      0x0000000000000000     0x2266
 .debug_str     0x0000000000000000     0x1351 build/default/production/mini_project_1.o
 .debug_str     0x0000000000001351      0x1f8 /opt/microchip/xc32/v4.45/bin/bin/../../lib/gcc/pic32c/8.3.1/../../../../pic32c/lib/thumb/v8-m.base/nofp/libpic32c.a(data_init.o)
 .debug_str     0x0000000000001549      0x3d7 /opt/microchip/xc32/v4.45/bin/bin/../../lib/gcc/pic32c/8.3.1/../../../../pic32c/lib/thumb/v8-m.base/nofp/libc-musl.a(__libc_start_main.o)
 .debug_str     0x0000000000001920      0x342 /opt/microchip/xc32/v4.45/bin/bin/../../lib/gcc/pic32c/8.3.1/../../../../pic32c/lib/thumb/v8-m.base/nofp/libc-musl.a(libc.o)
 .debug_str     0x0000000000001c62      0x242 /opt/microchip/xc32/v4.45/bin/bin/../../lib/gcc/pic32c/8.3.1/../../../../pic32c/lib/thumb/v8-m.base/nofp/libc-musl.a(__environ.o)
 .debug_str     0x0000000000001ea4      0x1e2 /opt/microchip/xc32/v4.45/bin/bin/../../lib/gcc/pic32c/8.3.1/../../../../pic32c/lib/thumb/v8-m.base/nofp/libpic32c.a(pic32_data_init_clear.o)
 .debug_str     0x0000000000002086      0x1e0 /opt/microchip/xc32/v4.45/bin/bin/../../lib/gcc/pic32c/8.3.1/../../../../pic32c/lib/thumb/v8-m.base/nofp/libpic32c.a(pic32_data_init_copy.o)

.debug_frame    0x0000000000000000      0x3e0
 .debug_frame   0x0000000000000000      0x328 build/default/production/mini_project_1.o
 .debug_frame   0x0000000000000328       0x38 /opt/microchip/xc32/v4.45/bin/bin/../../lib/gcc/pic32c/8.3.1/../../../../pic32c/lib/thumb/v8-m.base/nofp/libpic32c.a(data_init.o)
 .debug_frame   0x0000000000000360       0x38 /opt/microchip/xc32/v4.45/bin/bin/../../lib/gcc/pic32c/8.3.1/../../../../pic32c/lib/thumb/v8-m.base/nofp/libc-musl.a(__libc_start_main.o)
 .debug_frame   0x0000000000000398       0x20 /opt/microchip/xc32/v4.45/bin/bin/../../lib/gcc/pic32c/8.3.1/../../../../pic32c/lib/thumb/v8-m.base/nofp/libpic32c.a(pic32_data_init_clear.o)
 .debug_frame   0x00000000000003b8       0x28 /opt/microchip/xc32/v4.45/bin/bin/../../lib/gcc/pic32c/8.3.1/../../../../pic32c/lib/thumb/v8-m.base/nofp/libpic32c.a(pic32_data_init_copy.o)

.debug_ranges   0x0000000000000000       0x70
 .debug_ranges  0x0000000000000000       0x18 /opt/microchip/xc32/v4.45/bin/bin/../../lib/gcc/pic32c/8.3.1/../../../../pic32c/lib/thumb/v8-m.base/nofp/libpic32c.a(data_init.o)
 .debug_ranges  0x0000000000000018       0x38 /opt/microchip/xc32/v4.45/bin/bin/../../lib/gcc/pic32c/8.3.1/../../../../pic32c/lib/thumb/v8-m.base/nofp/libc-musl.a(__libc_start_main.o)
 .debug_ranges  0x0000000000000050       0x10 /opt/microchip/xc32/v4.45/bin/bin/../../lib/gcc/pic32c/8.3.1/../../../../pic32c/lib/thumb/v8-m.base/nofp/libpic32c.a(pic32_data_init_clear.o)
 .debug_ranges  0x0000000000000060       0x10 /opt/microchip/xc32/v4.45/bin/bin/../../lib/gcc/pic32c/8.3.1/../../../../pic32c/lib/thumb/v8-m.base/nofp/libpic32c.a(pic32_data_init_copy.o)

.note.GNU-stack
                0x0000000000000000        0x0
 .note.GNU-stack
                0x0000000000000000        0x0 /opt/microchip/xc32/v4.45/bin/bin/../../lib/gcc/pic32c/8.3.1/../../../../pic32c/lib/thumb/v8-m.base/nofp/libc-musl.a(__libc_start_main.o)
 .note.GNU-stack
                0x0000000000000000        0x0 /opt/microchip/xc32/v4.45/bin/bin/../../lib/gcc/pic32c/8.3.1/../../../../pic32c/lib/thumb/v8-m.base/nofp/libc-musl.a(libc.o)
 .note.GNU-stack
                0x0000000000000000        0x0 /opt/microchip/xc32/v4.45/bin/bin/../../lib/gcc/pic32c/8.3.1/../../../../pic32c/lib/thumb/v8-m.base/nofp/libc-musl.a(__environ.o)

.stack          0x00000000200000b8      0x100
 .stack         0x00000000200000b8      0x100 stack

.bss%1          0x0000000020000000       0x50
 .bss           0x0000000020000000       0x50 /opt/microchip/xc32/v4.45/bin/bin/../../lib/gcc/pic32c/8.3.1/../../../../pic32c/lib/thumb/v8-m.base/nofp/libc-musl.a(libc.o)
                0x0000000020000000                program_invocation_name
                0x0000000020000000                __progname_full
                0x0000000020000004                __progname
                0x0000000020000004                program_invocation_short_name
                0x0000000020000008                __sysinfo
                0x000000002000000c                __hwcap
                0x0000000020000010                __libc

.bss%2          0x0000000020000050       0x1c
 .bss           0x0000000020000050       0x1c /opt/microchip/xc32/v4.45/bin/bin/../../lib/gcc/pic32c/8.3.1/thumb/v8-m.base/nofp/crtbegin.o

.bss%3          0x000000002000006c        0x8
 .bss           0x000000002000006c        0x8 build/default/production/mini_project_1.o
                0x000000002000006c                x
                0x0000000020000070                decreasing_brightness

.bss%4          0x0000000020000074        0x4
 .bss           0x0000000020000074        0x4 /opt/microchip/xc32/v4.45/bin/bin/../../lib/gcc/pic32c/8.3.1/../../../../pic32c/lib/thumb/v8-m.base/nofp/libpic32c.a(data_init.o)

.bss%5          0x0000000020000078        0x4
 .bss           0x0000000020000078        0x4 /opt/microchip/xc32/v4.45/bin/bin/../../lib/gcc/pic32c/8.3.1/../../../../pic32c/lib/thumb/v8-m.base/nofp/libc-musl.a(__environ.o)
                0x0000000020000078                _environ
                0x0000000020000078                __environ
                0x0000000020000078                environ
                0x0000000020000078                ___environ

.bss%z1         0x0000000000000000        0x0
 .bss           0x0000000000000000        0x0 /opt/microchip/xc32/v4.45/bin/bin/../../lib/gcc/pic32c/8.3.1/../../../../pic32c/lib/thumb/v8-m.base/nofp/libpic32c.a(pic32_data_init_copy.o)

.bss%z2         0x0000000000000000        0x0
 .bss           0x0000000000000000        0x0 /opt/microchip/xc32/v4.45/bin/bin/../../lib/gcc/pic32c/8.3.1/../../../../pic32c/lib/thumb/v8-m.base/nofp/libpic32c.a(pic32_data_init_clear.o)

.bss%z3         0x0000000000000000        0x0
 .bss           0x0000000000000000        0x0 /opt/microchip/xc32/v4.45/bin/bin/../../lib/gcc/pic32c/8.3.1/thumb/v8-m.base/nofp/crtn.o

.bss%z4         0x0000000000000000        0x0
 .bss           0x0000000000000000        0x0 /opt/microchip/xc32/v4.45/bin/bin/../../lib/gcc/pic32c/8.3.1/thumb/v8-m.base/nofp/crtend.o

.bss%z5         0x0000000000000000        0x0
 .bss           0x0000000000000000        0x0 /opt/microchip/xc32/v4.45/bin/bin/../../lib/gcc/pic32c/8.3.1/../../../../pic32c/lib/thumb/v8-m.base/nofp/libc-musl.a(__libc_start_main.o)

.bss%z6         0x0000000000000000        0x0
 .bss           0x0000000000000000        0x0 /tmp/ccn0hoEO.o

.bss%z7         0x0000000000000000        0x0
 .bss           0x0000000000000000        0x0 /opt/microchip/xc32/v4.45/bin/bin/../../lib/gcc/pic32c/8.3.1/thumb/v8-m.base/nofp/crti.o

.data%6         0x000000002000007c        0x4
 .data          0x000000002000007c        0x4 /opt/microchip/xc32/v4.45/bin/bin/../../lib/gcc/pic32c/8.3.1/thumb/v8-m.base/nofp/crtbegin.o
                0x000000002000007c                __dso_handle

.data%7         0x0000000020000080        0x4
 .data          0x0000000020000080        0x4 build/default/production/mini_project_1.o
                0x0000000020000080                brightness

.eh_frame%8     0x0000000020000084        0x4
 .eh_frame      0x0000000020000084        0x4 /opt/microchip/xc32/v4.45/bin/bin/../../lib/gcc/pic32c/8.3.1/thumb/v8-m.base/nofp/crtend.o

.data%z8        0x0000000000000000        0x0
 .data          0x0000000000000000        0x0 /opt/microchip/xc32/v4.45/bin/bin/../../lib/gcc/pic32c/8.3.1/../../../../pic32c/lib/thumb/v8-m.base/nofp/libpic32c.a(pic32_data_init_copy.o)

.data%z9        0x0000000000000000        0x0
 .data          0x0000000000000000        0x0 /opt/microchip/xc32/v4.45/bin/bin/../../lib/gcc/pic32c/8.3.1/../../../../pic32c/lib/thumb/v8-m.base/nofp/libpic32c.a(pic32_data_init_clear.o)

.data%z10       0x0000000000000000        0x0
 .data          0x0000000000000000        0x0 /opt/microchip/xc32/v4.45/bin/bin/../../lib/gcc/pic32c/8.3.1/thumb/v8-m.base/nofp/crtn.o

.data%z11       0x0000000000000000        0x0
 .data          0x0000000000000000        0x0 /opt/microchip/xc32/v4.45/bin/bin/../../lib/gcc/pic32c/8.3.1/thumb/v8-m.base/nofp/crtend.o

.data%z12       0x0000000000000000        0x0
 .data          0x0000000000000000        0x0 /opt/microchip/xc32/v4.45/bin/bin/../../lib/gcc/pic32c/8.3.1/../../../../pic32c/lib/thumb/v8-m.base/nofp/libc-musl.a(__environ.o)

.data%z13       0x0000000000000000        0x0
 .data          0x0000000000000000        0x0 /opt/microchip/xc32/v4.45/bin/bin/../../lib/gcc/pic32c/8.3.1/../../../../pic32c/lib/thumb/v8-m.base/nofp/libc-musl.a(libc.o)

.data%z14       0x0000000000000000        0x0
 .data          0x0000000000000000        0x0 /opt/microchip/xc32/v4.45/bin/bin/../../lib/gcc/pic32c/8.3.1/../../../../pic32c/lib/thumb/v8-m.base/nofp/libc-musl.a(__libc_start_main.o)

.data%z15       0x0000000000000000        0x0
 .data          0x0000000000000000        0x0 /opt/microchip/xc32/v4.45/bin/bin/../../lib/gcc/pic32c/8.3.1/../../../../pic32c/lib/thumb/v8-m.base/nofp/libpic32c.a(data_init.o)

.data%z16       0x0000000000000000        0x0
 .data          0x0000000000000000        0x0 /tmp/ccn0hoEO.o

.eh_frame%z17   0x0000000000000000        0x0
 .eh_frame      0x0000000000000000        0x0 /opt/microchip/xc32/v4.45/bin/bin/../../lib/gcc/pic32c/8.3.1/thumb/v8-m.base/nofp/crtbegin.o

.data%z18       0x0000000000000000        0x0
 .data          0x0000000000000000        0x0 /opt/microchip/xc32/v4.45/bin/bin/../../lib/gcc/pic32c/8.3.1/thumb/v8-m.base/nofp/crti.o

.text%9         0x000000000000017c      0xcb6
 .text          0x000000000000017c      0xcb6 build/default/production/mini_project_1.o
                0x00000000000002ac                is_even
                0x00000000000002ca                PMUX_pin
                0x00000000000002fe                PB_02_Init
                0x0000000000000344                PA_04_Init
                0x000000000000038a                PA_03_Init
                0x000000000000040c                PA_02_Init
                0x000000000000048e                PB_03_Init
                0x0000000000000510                SW_Init
                0x00000000000005ac                EIC_EXTINT_2_Handler
                0x00000000000005f6                EIC_Initialize
                0x00000000000006b4                NVIC_Initialize
                0x00000000000006e0                GCLK_Init
                0x000000000000070e                TCC3_Init
                0x00000000000007ae                Clock_Source
                0x00000000000008e4                TC0_Init
                0x0000000000000966                ADC_Initialize
                0x00000000000009ee                ADC_Enable
                0x0000000000000a26                ADC_ConversionStart
                0x0000000000000a6a                ADC_ConversionResultGet
                0x0000000000000a80                ADC_ConversionStatusGet
                0x0000000000000abe                delay_ms
                0x0000000000000af2                read_count
                0x0000000000000b14                main
                0x0000000000000d2a                Adjust_Brightness

.text.__aeabi_dadd%10
                0x0000000000000e32      0x1c8
 .text.__aeabi_dadd
                0x0000000000000e32      0x1c8 /opt/microchip/xc32/v4.45/bin/bin/../../lib/gcc/pic32c/8.3.1/../../../../pic32c/lib/thumb/v8-m.base/nofp/libm-fast-emfloat.a(__aeabi_dadd.o)
                0x0000000000000e32                __aeabi_dadd
                0x0000000000000e38                .L__aeabi_dadd_fast_entry

.text.Reset_Handler%11
                0x0000000000000ffa       0x7e
 .text.Reset_Handler
                0x0000000000000ffa       0x7e /tmp/ccn0hoEO.o
                0x0000000000000ffa                Reset_Handler

.dinit%12       0x0000000000001078       0x70
 .dinit         0x0000000000001078       0x70 data_init

.text.__libc_start_init%13
                0x00000000000010e8       0x5c
 .text.__libc_start_init
                0x00000000000010e8       0x5c /opt/microchip/xc32/v4.45/bin/bin/../../lib/gcc/pic32c/8.3.1/../../../../pic32c/lib/thumb/v8-m.base/nofp/libc-musl.a(__libc_start_main.o)
                0x00000000000010e8                __libc_init_array

.text%14        0x0000000000001144       0x40
 .text          0x0000000000001144       0x40 /opt/microchip/xc32/v4.45/bin/bin/../../lib/gcc/pic32c/8.3.1/thumb/v8-m.base/nofp/crtbegin.o

.text.__pic32c_data_initialization%15
                0x0000000000001184       0x30
 .text.__pic32c_data_initialization
                0x0000000000001184       0x30 /opt/microchip/xc32/v4.45/bin/bin/../../lib/gcc/pic32c/8.3.1/../../../../pic32c/lib/thumb/v8-m.base/nofp/libpic32c.a(data_init.o)
                0x0000000000001184                __pic32c_data_initialization

.text.__aeabi_d2uiz%16
                0x00000000000011b4       0x2e
 .text.__aeabi_d2uiz
                0x00000000000011b4       0x2e /opt/microchip/xc32/v4.45/bin/bin/../../lib/gcc/pic32c/8.3.1/../../../../pic32c/lib/thumb/v8-m.base/nofp/libm-fast-emfloat.a(__aeabi_d2uiz.o)
                0x00000000000011b4                __aeabi_d2uiz
                0x00000000000011b8                .L__aeabi_d2uiz_fast_entry

.text.__dinit_copy%17
                0x00000000000011e2       0x1e
 .text.__dinit_copy
                0x00000000000011e2       0x1e /opt/microchip/xc32/v4.45/bin/bin/../../lib/gcc/pic32c/8.3.1/../../../../pic32c/lib/thumb/v8-m.base/nofp/libpic32c.a(pic32_data_init_copy.o)
                0x00000000000011e2                __dinit_copy
                0x00000000000011e2                __dinit_copy_needed

.text.__aeabi_ui2d%18
                0x0000000000001200       0x1a
 .text.__aeabi_ui2d
                0x0000000000001200       0x1a /opt/microchip/xc32/v4.45/bin/bin/../../lib/gcc/pic32c/8.3.1/../../../../pic32c/lib/thumb/v8-m.base/nofp/libm-fast-emfloat.a(__aeabi_ui2d.o)
                0x0000000000001200                __aeabi_ui2d

.rodata%19      0x000000000000121c       0x14
 .rodata        0x000000000000121c       0x14 /opt/microchip/xc32/v4.45/bin/bin/../../lib/gcc/pic32c/8.3.1/../../../../pic32c/lib/thumb/v8-m.base/nofp/libpic32c.a(data_init.o)

.text.__aeabi_dsub%20
                0x0000000000001230       0x12
 .text.__aeabi_dsub
                0x0000000000001230       0x12 /opt/microchip/xc32/v4.45/bin/bin/../../lib/gcc/pic32c/8.3.1/../../../../pic32c/lib/thumb/v8-m.base/nofp/libm-fast-emfloat.a(__aeabi_dsub.o)
                0x0000000000001230                __aeabi_dsub

.text.__dinit_clear%21
                0x0000000000001242       0x12
 .text.__dinit_clear
                0x0000000000001242       0x12 /opt/microchip/xc32/v4.45/bin/bin/../../lib/gcc/pic32c/8.3.1/../../../../pic32c/lib/thumb/v8-m.base/nofp/libpic32c.a(pic32_data_init_clear.o)
                0x0000000000001242                __dinit_clear_needed
                0x0000000000001242                __dinit_clear

.text.__dummy_decompress%22
                0x0000000000001254        0x4
 .text.__dummy_decompress
                0x0000000000001254        0x4 /opt/microchip/xc32/v4.45/bin/bin/../../lib/gcc/pic32c/8.3.1/../../../../pic32c/lib/thumb/v8-m.base/nofp/libpic32c.a(data_init.o)
                0x0000000000001254                __dinit_copy_emb
                0x0000000000001254                __dinit_decompress
                0x0000000000001254                __dinit_copy_val_data

.text.Dummy_Handler%23
                0x000000000000121a        0x2
 .text.Dummy_Handler
                0x000000000000121a        0x2 /tmp/ccn0hoEO.o
                0x000000000000121a                SVCall_Handler
                0x000000000000121a                SERCOM0_2_Handler
                0x000000000000121a                EVSYS_0_Handler
                0x000000000000121a                TRNG_Handler
                0x000000000000121a                ADC_RESRDY_Handler
                0x000000000000121a                HardFault_Handler
                0x000000000000121a                TC2_Handler
                0x000000000000121a                AC_Handler
                0x000000000000121a                DMAC_OTHER_Handler
                0x000000000000121a                EIC_EXTINT_5_Handler
                0x000000000000121a                SERCOM3_1_Handler
                0x000000000000121a                SysTick_Handler
                0x000000000000121a                SERCOM4_OTHER_Handler
                0x000000000000121a                SERCOM3_2_Handler
                0x000000000000121a                EIC_EXTINT_6_Handler
                0x000000000000121a                PendSV_Handler
                0x000000000000121a                EVSYS_3_Handler
                0x000000000000121a                NonMaskableInt_Handler
                0x000000000000121a                TCC1_Handler
                0x000000000000121a                EIC_EXTINT_4_Handler
                0x000000000000121a                EIC_EXTINT_7_Handler
                0x000000000000121a                SERCOM0_OTHER_Handler
                0x000000000000121a                TCC0_Handler
                0x000000000000121a                SERCOM0_0_Handler
                0x000000000000121a                RTC_Handler
                0x000000000000121a                SERCOM4_0_Handler
                0x000000000000121a                SERCOM1_OTHER_Handler
                0x000000000000121a                EVSYS_1_Handler
                0x000000000000121a                DMAC_0_Handler
                0x000000000000121a                WDT_Handler
                0x000000000000121a                TRAM_Handler
                0x000000000000121a                EVSYS_NSCHK_Handler
                0x000000000000121a                EIC_EXTINT_1_Handler
                0x000000000000121a                SERCOM5_0_Handler
                0x000000000000121a                TC1_Handler
                0x000000000000121a                EIC_EXTINT_0_Handler
                0x000000000000121a                DAC_UNDERRUN_Handler
                0x000000000000121a                DAC_EMPTY_Handler
                0x000000000000121a                PAC_Handler
                0x000000000000121a                USB_Handler
                0x000000000000121a                SERCOM4_1_Handler
                0x000000000000121a                Dummy_Handler
                0x000000000000121a                SERCOM5_1_Handler
                0x000000000000121a                DMAC_2_Handler
                0x000000000000121a                SERCOM0_1_Handler
                0x000000000000121a                SERCOM5_OTHER_Handler
                0x000000000000121a                DMAC_1_Handler
                0x000000000000121a                TCC3_Handler
                0x000000000000121a                TCC2_Handler
                0x000000000000121a                SERCOM1_1_Handler
                0x000000000000121a                EVSYS_7_Handler
                0x000000000000121a                I2S_Handler
                0x000000000000121a                NVMCTRL_Handler
                0x000000000000121a                PORT_Handler
                0x000000000000121a                SYSTEM_Handler
                0x000000000000121a                SERCOM1_0_Handler
                0x000000000000121a                SERCOM2_1_Handler
                0x000000000000121a                SERCOM1_2_Handler
                0x000000000000121a                SERCOM3_0_Handler
                0x000000000000121a                SERCOM4_2_Handler
                0x000000000000121a                EVSYS_4_Handler
                0x000000000000121a                SERCOM5_2_Handler
                0x000000000000121a                SERCOM2_2_Handler
                0x000000000000121a                EIC_EXTINT_3_Handler
                0x000000000000121a                SERCOM3_OTHER_Handler
                0x000000000000121a                PTC_Handler
                0x000000000000121a                EVSYS_6_Handler
                0x000000000000121a                EVSYS_5_Handler
                0x000000000000121a                EVSYS_2_Handler
                0x000000000000121a                SERCOM2_OTHER_Handler
                0x000000000000121a                FREQM_Handler
                0x000000000000121a                TC0_Handler
                0x000000000000121a                EIC_OTHER_Handler
                0x000000000000121a                ADC_OTHER_Handler
                0x000000000000121a                DMAC_3_Handler
                0x000000000000121a                SERCOM2_0_Handler

.text.__dummy%24
                0x0000000000001258        0x2
 .text.__dummy  0x0000000000001258        0x2 /opt/microchip/xc32/v4.45/bin/bin/../../lib/gcc/pic32c/8.3.1/../../../../pic32c/lib/thumb/v8-m.base/nofp/libc-musl.a(__libc_start_main.o)
                0x0000000000001258                __init_host
                0x0000000000001258                __init_stdio

.text%z19       0x0000000000000000        0x0
 .text          0x0000000000000000        0x0 /opt/microchip/xc32/v4.45/bin/bin/../../lib/gcc/pic32c/8.3.1/../../../../pic32c/lib/thumb/v8-m.base/nofp/libpic32c.a(pic32_data_init_copy.o)

.text%z20       0x0000000000000000        0x0
 .text          0x0000000000000000        0x0 /opt/microchip/xc32/v4.45/bin/bin/../../lib/gcc/pic32c/8.3.1/../../../../pic32c/lib/thumb/v8-m.base/nofp/libpic32c.a(pic32_data_init_clear.o)

.text%z21       0x0000000000000000        0x0
 .text          0x0000000000000000        0x0 /opt/microchip/xc32/v4.45/bin/bin/../../lib/gcc/pic32c/8.3.1/thumb/v8-m.base/nofp/crtn.o

.text%z22       0x0000000000000000        0x0
 .text          0x0000000000000000        0x0 /opt/microchip/xc32/v4.45/bin/bin/../../lib/gcc/pic32c/8.3.1/thumb/v8-m.base/nofp/crtend.o

.text%z23       0x0000000000000000        0x0
 .text          0x0000000000000000        0x0 /opt/microchip/xc32/v4.45/bin/bin/../../lib/gcc/pic32c/8.3.1/../../../../pic32c/lib/thumb/v8-m.base/nofp/libc-musl.a(__environ.o)

.text%z24       0x0000000000000000        0x0
 .text          0x0000000000000000        0x0 /opt/microchip/xc32/v4.45/bin/bin/../../lib/gcc/pic32c/8.3.1/../../../../pic32c/lib/thumb/v8-m.base/nofp/libc-musl.a(libc.o)

.text%z25       0x0000000000000000        0x0
 .text          0x0000000000000000        0x0 /opt/microchip/xc32/v4.45/bin/bin/../../lib/gcc/pic32c/8.3.1/../../../../pic32c/lib/thumb/v8-m.base/nofp/libc-musl.a(__libc_start_main.o)

.text%z26       0x0000000000000000        0x0
 .text          0x0000000000000000        0x0 /opt/microchip/xc32/v4.45/bin/bin/../../lib/gcc/pic32c/8.3.1/../../../../pic32c/lib/thumb/v8-m.base/nofp/libpic32c.a(data_init.o)

.text%z27       0x0000000000000000        0x0
 .text          0x0000000000000000        0x0 /tmp/ccn0hoEO.o

.text%z28       0x0000000000000000        0x0
 .text          0x0000000000000000        0x0 /opt/microchip/xc32/v4.45/bin/bin/../../lib/gcc/pic32c/8.3.1/thumb/v8-m.base/nofp/crti.o
