Archive member included to satisfy reference by file (symbol)

/opt/microchip/xc32/v4.45/bin/bin/../../lib/gcc/pic32c/8.3.1/../../../../pic32c/lib/thumb/v8-m.base/nofp/libpic32c.a(data_init.o)
                              /tmp/ccvpRQCW.o (__pic32c_data_initialization)
/opt/microchip/xc32/v4.45/bin/bin/../../lib/gcc/pic32c/8.3.1/../../../../pic32c/lib/thumb/v8-m.base/nofp/libm-fast-emfloat.a(__aeabi_fsub.o)
                              build/default/production/main.o (__aeabi_fsub)
/opt/microchip/xc32/v4.45/bin/bin/../../lib/gcc/pic32c/8.3.1/../../../../pic32c/lib/thumb/v8-m.base/nofp/libm-fast-emfloat.a(__aeabi_fmul.o)
                              build/default/production/main.o (__aeabi_fmul)
/opt/microchip/xc32/v4.45/bin/bin/../../lib/gcc/pic32c/8.3.1/../../../../pic32c/lib/thumb/v8-m.base/nofp/libm-fast-emfloat.a(__aeabi_fdiv.o)
                              build/default/production/main.o (__aeabi_fdiv)
/opt/microchip/xc32/v4.45/bin/bin/../../lib/gcc/pic32c/8.3.1/../../../../pic32c/lib/thumb/v8-m.base/nofp/libm-fast-emfloat.a(__aeabi_f2uiz.o)
                              build/default/production/main.o (__aeabi_f2uiz)
/opt/microchip/xc32/v4.45/bin/bin/../../lib/gcc/pic32c/8.3.1/../../../../pic32c/lib/thumb/v8-m.base/nofp/libm-fast-emfloat.a(__aeabi_i2f.o)
                              build/default/production/main.o (__aeabi_i2f)
/opt/microchip/xc32/v4.45/bin/bin/../../lib/gcc/pic32c/8.3.1/../../../../pic32c/lib/thumb/v8-m.base/nofp/libm-fast-emfloat.a(__aeabi_ui2f.o)
                              build/default/production/main.o (__aeabi_ui2f)
/opt/microchip/xc32/v4.45/bin/bin/../../lib/gcc/pic32c/8.3.1/../../../../pic32c/lib/thumb/v8-m.base/nofp/libm-fast-emfloat.a(__aeabi_fadd.o)
                              /opt/microchip/xc32/v4.45/bin/bin/../../lib/gcc/pic32c/8.3.1/../../../../pic32c/lib/thumb/v8-m.base/nofp/libm-fast-emfloat.a(__aeabi_fsub.o) (.L__aeabi_fadd_fast_entry)
/opt/microchip/xc32/v4.45/bin/bin/../../lib/gcc/pic32c/8.3.1/../../../../pic32c/lib/thumb/v8-m.base/nofp/libc-musl.a(__libc_start_main.o)
                              /tmp/ccvpRQCW.o (__libc_init_array)
/opt/microchip/xc32/v4.45/bin/bin/../../lib/gcc/pic32c/8.3.1/../../../../pic32c/lib/thumb/v8-m.base/nofp/libc-musl.a(libc.o)
                              /opt/microchip/xc32/v4.45/bin/bin/../../lib/gcc/pic32c/8.3.1/../../../../pic32c/lib/thumb/v8-m.base/nofp/libc-musl.a(__libc_start_main.o) (__progname_full)
/opt/microchip/xc32/v4.45/bin/bin/../../lib/gcc/pic32c/8.3.1/../../../../pic32c/lib/thumb/v8-m.base/nofp/libc-musl.a(__environ.o)
                              /opt/microchip/xc32/v4.45/bin/bin/../../lib/gcc/pic32c/8.3.1/../../../../pic32c/lib/thumb/v8-m.base/nofp/libc-musl.a(__libc_start_main.o) (__environ)
/opt/microchip/xc32/v4.45/bin/bin/../../lib/gcc/pic32c/8.3.1/../../../../pic32c/lib/thumb/v8-m.base/nofp/libpic32c.a(pic32_data_init_clear.o)
                              (__dinit_clear_needed)
/opt/microchip/xc32/v4.45/bin/bin/../../lib/gcc/pic32c/8.3.1/../../../../pic32c/lib/thumb/v8-m.base/nofp/libpic32c.a(pic32_data_init_copy.o)
                              (__dinit_copy_needed)

Microchip PIC32 Memory-Usage Report

ROM Program-Memory Usage
section                    address  length [bytes]      (dec)  Description
-------                 ----------  -------------------------  -----------
.vectors                         0          0x15c         348   
.text                        0x15c           0x20          32  App's exec code 
.text                        0x17c         0x111c        4380  App's exec code 
.text.__aeabi_fadd          0x1298          0x136         310   
.text.__aeabi_fmul          0x13ce           0xb6         182   
.dinit                      0x1484           0xb0         176   
.text.__aeabi_fdiv          0x1534           0x94         148   
.text.Reset_Handler         0x15c8           0x7e         126   
.text.Dummy_Handler         0x1646            0x2           2   
.text.__libc_start_init     0x1648           0x5c          92   
.text                       0x16a4           0x40          64  App's exec code 
.text.__pic32c_data_ini     0x16e4           0x30          48   
.text.__aeabi_i2f           0x1714           0x26          38   
.text.__aeabi_f2uiz         0x173a           0x24          36   
.text.__aeabi_ui2f          0x175e           0x1e          30   
.text.__dinit_copy          0x177c           0x1e          30   
.text.__dummy               0x179a            0x2           2   
.rodata                     0x179c           0x14          20  Read-only const 
.text.__dinit_clear         0x17b0           0x12          18   
.text.__aeabi_fsub          0x17c2           0x10          16   
.text.__dummy_decompres     0x17d2            0x4           4   
      Total ROM used  :      0x17d6        6102  2.3% of 0x40000
        --------------------------------------------------------------------------
         Total Program Memory used  :      0x17d6        6102  2.3% of 0x40000
        --------------------------------------------------------------------------


RAM Data-Memory Usage
section                    address  length [bytes]      (dec)  Description
-------                 ----------  -------------------------  -----------
.bss                    0x20000000           0x50          80  Uninitialized data 
.bss                    0x20000050           0x1c          28  Uninitialized data 
.bss                    0x2000006c           0x14          20  Uninitialized data 
.bss                    0x20000080            0x4           4  Uninitialized data 
.bss                    0x20000084            0x4           4  Uninitialized data 
.data                   0x20000088           0x4c          76  Initialized data 
.data                   0x200000d4            0x4           4  Initialized data 
.eh_frame               0x200000d8            0x4           4   
         Total RAM used  :        0xdc         220  0.7% of 0x8000
        --------------------------------------------------------------------------
            Total Data Memory used  :        0xdc         220  0.7% of 0x8000
        --------------------------------------------------------------------------


Dynamic Data-Memory Reservation
section                    address  length [bytes]      (dec)  Description
-------                 ----------  -------------------------  -----------
heap                    0x200000e0           0x10          16  Reserved for heap 
stack                   0x20000108         0x7ee8       32488  Reserved for stack 

        --------------------------------------------------------------------------

Microchip PIC32 Memory-Usage Report By Module

        text        data         bss         dec         hex    basename                   filename
--------------------------------------------------------------------------------
        4380          76          20        4476        117c    main.o                 build/default/production/main.o
         476           0           0         476         1dc    ccvpRQCW.o             /tmp/ccvpRQCW.o
         310           0           0         310         136    __aeabi_fadd.o         libm-fast-emfloat.a
         182           0           0         182          b6    __aeabi_fmul.o         libm-fast-emfloat.a
         176           0           0         176          b0    data_init              data_init
         148           0           0         148          94    __aeabi_fdiv.o         libm-fast-emfloat.a
          72           4          28         104          68    crtbegin.o             /opt/microchip/xc32/v4.45/bin/bin/../../lib/gcc/pic32c/8.3.1/thumb/v8-m.base/nofp/crtbegin.o
          94           0           0          94          5e    __libc_start_main.o    libc-musl.a
           0           0          80          80          50    libc.o                 libc-musl.a
          72           0           4          76          4c    data_init.o            libpic32c.a
          38           0           0          38          26    __aeabi_i2f.o          libm-fast-emfloat.a
          36           0           0          36          24    __aeabi_f2uiz.o        libm-fast-emfloat.a
          30           0           0          30          1e    pic32_data_init_copy.o libpic32c.a
          30           0           0          30          1e    __aeabi_ui2f.o         libm-fast-emfloat.a
          18           0           0          18          12    pic32_data_init_clear.olibpic32c.a
          16           0           0          16          10    crtn.o                 /opt/microchip/xc32/v4.45/bin/bin/../../lib/gcc/pic32c/8.3.1/thumb/v8-m.base/nofp/crtn.o
          16           0           0          16          10    __aeabi_fsub.o         libm-fast-emfloat.a
           8           0           0           8           8    crti.o                 /opt/microchip/xc32/v4.45/bin/bin/../../lib/gcc/pic32c/8.3.1/thumb/v8-m.base/nofp/crti.o
           0           4           0           4           4    crtend.o               /opt/microchip/xc32/v4.45/bin/bin/../../lib/gcc/pic32c/8.3.1/thumb/v8-m.base/nofp/crtend.o
           0           0           4           4           4    __environ.o            libc-musl.a
--------------------------------------------------------------------------------
        6102          84         136        6322        18b2    dist/default/production/Mini_Project_1.X.production.elf


Discarded input sections

 .xc_stack_usage.hdr
                0x0000000000000000        0xe /opt/microchip/xc32/v4.45/bin/bin/../../lib/gcc/pic32c/8.3.1/thumb/v8-m.base/nofp/crti.o
 .xc_stack_usage
                0x0000000000000000       0x26 /opt/microchip/xc32/v4.45/bin/bin/../../lib/gcc/pic32c/8.3.1/thumb/v8-m.base/nofp/crti.o
 .xc_stack_usage
                0x0000000000000000       0x3c /opt/microchip/xc32/v4.45/bin/bin/../../lib/gcc/pic32c/8.3.1/thumb/v8-m.base/nofp/crtbegin.o
 .xc_stack_usage.hdr
                0x0000000000000000        0xe /opt/microchip/xc32/v4.45/bin/bin/../../lib/gcc/pic32c/8.3.1/thumb/v8-m.base/nofp/crtbegin.o
 .xc_stack_usage
                0x0000000000000000       0x4a /opt/microchip/xc32/v4.45/bin/bin/../../lib/gcc/pic32c/8.3.1/../../../../pic32c/lib/thumb/v8-m.base/nofp/libpic32c.a(data_init.o)
 .xc_stack_usage.hdr
                0x0000000000000000        0xe /opt/microchip/xc32/v4.45/bin/bin/../../lib/gcc/pic32c/8.3.1/../../../../pic32c/lib/thumb/v8-m.base/nofp/libpic32c.a(data_init.o)
 .xc_stack_usage.hdr
                0x0000000000000000        0xe /opt/microchip/xc32/v4.45/bin/bin/../../lib/gcc/pic32c/8.3.1/../../../../pic32c/lib/thumb/v8-m.base/nofp/libm-fast-emfloat.a(__aeabi_fsub.o)
 .xc_stack_usage
                0x0000000000000000       0x1a /opt/microchip/xc32/v4.45/bin/bin/../../lib/gcc/pic32c/8.3.1/../../../../pic32c/lib/thumb/v8-m.base/nofp/libm-fast-emfloat.a(__aeabi_fsub.o)
 .xc_stack_usage.hdr
                0x0000000000000000        0xe /opt/microchip/xc32/v4.45/bin/bin/../../lib/gcc/pic32c/8.3.1/../../../../pic32c/lib/thumb/v8-m.base/nofp/libm-fast-emfloat.a(__aeabi_fmul.o)
 .xc_stack_usage
                0x0000000000000000       0x1a /opt/microchip/xc32/v4.45/bin/bin/../../lib/gcc/pic32c/8.3.1/../../../../pic32c/lib/thumb/v8-m.base/nofp/libm-fast-emfloat.a(__aeabi_fmul.o)
 .xc_stack_usage.hdr
                0x0000000000000000        0xe /opt/microchip/xc32/v4.45/bin/bin/../../lib/gcc/pic32c/8.3.1/../../../../pic32c/lib/thumb/v8-m.base/nofp/libm-fast-emfloat.a(__aeabi_fdiv.o)
 .xc_stack_usage
                0x0000000000000000       0x1a /opt/microchip/xc32/v4.45/bin/bin/../../lib/gcc/pic32c/8.3.1/../../../../pic32c/lib/thumb/v8-m.base/nofp/libm-fast-emfloat.a(__aeabi_fdiv.o)
 .xc_stack_usage.hdr
                0x0000000000000000        0xe /opt/microchip/xc32/v4.45/bin/bin/../../lib/gcc/pic32c/8.3.1/../../../../pic32c/lib/thumb/v8-m.base/nofp/libm-fast-emfloat.a(__aeabi_f2uiz.o)
 .xc_stack_usage
                0x0000000000000000       0x1b /opt/microchip/xc32/v4.45/bin/bin/../../lib/gcc/pic32c/8.3.1/../../../../pic32c/lib/thumb/v8-m.base/nofp/libm-fast-emfloat.a(__aeabi_f2uiz.o)
 .xc_stack_usage.hdr
                0x0000000000000000        0xe /opt/microchip/xc32/v4.45/bin/bin/../../lib/gcc/pic32c/8.3.1/../../../../pic32c/lib/thumb/v8-m.base/nofp/libm-fast-emfloat.a(__aeabi_i2f.o)
 .xc_stack_usage
                0x0000000000000000       0x19 /opt/microchip/xc32/v4.45/bin/bin/../../lib/gcc/pic32c/8.3.1/../../../../pic32c/lib/thumb/v8-m.base/nofp/libm-fast-emfloat.a(__aeabi_i2f.o)
 .xc_stack_usage.hdr
                0x0000000000000000        0xe /opt/microchip/xc32/v4.45/bin/bin/../../lib/gcc/pic32c/8.3.1/../../../../pic32c/lib/thumb/v8-m.base/nofp/libm-fast-emfloat.a(__aeabi_ui2f.o)
 .xc_stack_usage
                0x0000000000000000       0x1a /opt/microchip/xc32/v4.45/bin/bin/../../lib/gcc/pic32c/8.3.1/../../../../pic32c/lib/thumb/v8-m.base/nofp/libm-fast-emfloat.a(__aeabi_ui2f.o)
 .xc_stack_usage.hdr
                0x0000000000000000        0xe /opt/microchip/xc32/v4.45/bin/bin/../../lib/gcc/pic32c/8.3.1/../../../../pic32c/lib/thumb/v8-m.base/nofp/libm-fast-emfloat.a(__aeabi_fadd.o)
 .xc_stack_usage
                0x0000000000000000       0x41 /opt/microchip/xc32/v4.45/bin/bin/../../lib/gcc/pic32c/8.3.1/../../../../pic32c/lib/thumb/v8-m.base/nofp/libm-fast-emfloat.a(__aeabi_fadd.o)
 .xc_stack_usage
                0x0000000000000000       0x34 /opt/microchip/xc32/v4.45/bin/bin/../../lib/gcc/pic32c/8.3.1/../../../../pic32c/lib/thumb/v8-m.base/nofp/libc-musl.a(__libc_start_main.o)
 .xc_stack_usage.hdr
                0x0000000000000000        0xe /opt/microchip/xc32/v4.45/bin/bin/../../lib/gcc/pic32c/8.3.1/../../../../pic32c/lib/thumb/v8-m.base/nofp/libc-musl.a(__libc_start_main.o)
 .xc_stack_usage.hdr
                0x0000000000000000        0xe /opt/microchip/xc32/v4.45/bin/bin/../../lib/gcc/pic32c/8.3.1/../../../../pic32c/lib/thumb/v8-m.base/nofp/libc-musl.a(libc.o)
 .xc_stack_usage.hdr
                0x0000000000000000        0xe /opt/microchip/xc32/v4.45/bin/bin/../../lib/gcc/pic32c/8.3.1/../../../../pic32c/lib/thumb/v8-m.base/nofp/libc-musl.a(__environ.o)
 .xc_stack_usage.hdr
                0x0000000000000000        0xe /opt/microchip/xc32/v4.45/bin/bin/../../lib/gcc/pic32c/8.3.1/thumb/v8-m.base/nofp/crtend.o
 .xc_stack_usage.hdr
                0x0000000000000000        0xe /opt/microchip/xc32/v4.45/bin/bin/../../lib/gcc/pic32c/8.3.1/thumb/v8-m.base/nofp/crtn.o
 .xc_stack_usage
                0x0000000000000000       0x1b /opt/microchip/xc32/v4.45/bin/bin/../../lib/gcc/pic32c/8.3.1/../../../../pic32c/lib/thumb/v8-m.base/nofp/libpic32c.a(pic32_data_init_clear.o)
 .xc_stack_usage.hdr
                0x0000000000000000        0xe /opt/microchip/xc32/v4.45/bin/bin/../../lib/gcc/pic32c/8.3.1/../../../../pic32c/lib/thumb/v8-m.base/nofp/libpic32c.a(pic32_data_init_clear.o)
 .xc_stack_usage
                0x0000000000000000       0x1a /opt/microchip/xc32/v4.45/bin/bin/../../lib/gcc/pic32c/8.3.1/../../../../pic32c/lib/thumb/v8-m.base/nofp/libpic32c.a(pic32_data_init_copy.o)
 .xc_stack_usage.hdr
                0x0000000000000000        0xe /opt/microchip/xc32/v4.45/bin/bin/../../lib/gcc/pic32c/8.3.1/../../../../pic32c/lib/thumb/v8-m.base/nofp/libpic32c.a(pic32_data_init_copy.o)

Memory Configuration

Name             Origin             Length             Attributes
rom              0x0000000000000000 0x0000000000040000 xrl
rom_nsc          0x0000000000040000 0x0000000000000000 xrl
ram              0x0000000020000000 0x0000000000008000 xw !r
config_00804000  0x0000000000804000 0x0000000000000004
config_00804004  0x0000000000804004 0x0000000000000004
config_00804008  0x0000000000804008 0x0000000000000004
config_0080400C  0x000000000080400c 0x0000000000000004
config_00804010  0x0000000000804010 0x0000000000000004
config_00804014  0x0000000000804014 0x0000000000000004
config_00804018  0x0000000000804018 0x0000000000000004
config_0080401C  0x000000000080401c 0x0000000000000004
config_00804020  0x0000000000804020 0x0000000000000004
*default*        0x0000000000000000 0xffffffffffffffff

Linker script and memory map

LOAD /opt/microchip/xc32/v4.45/bin/bin/../../lib/gcc/pic32c/8.3.1/thumb/v8-m.base/nofp/crti.o
LOAD /opt/microchip/xc32/v4.45/bin/bin/../../lib/gcc/pic32c/8.3.1/thumb/v8-m.base/nofp/crtbegin.o
LOAD build/default/production/main.o
                0x0000000000000001                __MPLAB_BUILD = 0x1
LOAD /tmp/ccvpRQCW.o
START GROUP
LOAD /opt/microchip/xc32/v4.45/bin/bin/../../lib/gcc/pic32c/8.3.1/../../../../pic32c/lib/thumb/v8-m.base/nofp/libpic32c.a
LOAD /opt/microchip/xc32/v4.45/bin/bin/../../lib/gcc/pic32c/8.3.1/../../../../pic32c/lib/thumb/v8-m.base/nofp/libc-size-musl.a
LOAD /opt/microchip/xc32/v4.45/bin/bin/../../lib/gcc/pic32c/8.3.1/../../../../pic32c/lib/thumb/v8-m.base/nofp/liblmalloc-musl.a
LOAD /opt/microchip/xc32/v4.45/bin/bin/../../lib/gcc/pic32c/8.3.1/../../../../pic32c/lib/thumb/v8-m.base/nofp/libm-fast-emfloat.a
LOAD /opt/microchip/xc32/v4.45/bin/bin/../../lib/gcc/pic32c/8.3.1/../../../../pic32c/lib/thumb/v8-m.base/nofp/libm-musl.a
LOAD /opt/microchip/xc32/v4.45/bin/bin/../../lib/gcc/pic32c/8.3.1/../../../../pic32c/lib/thumb/v8-m.base/nofp/libc-musl.a
LOAD /opt/microchip/xc32/v4.45/bin/bin/../../lib/gcc/pic32c/8.3.1/../../../../pic32c/lib/thumb/v8-m.base/nofp/libm-fast-emfloat.a
LOAD /opt/microchip/xc32/v4.45/bin/bin/../../lib/gcc/pic32c/8.3.1/../../../../pic32c/lib/thumb/v8-m.base/nofp/libm-musl.a
LOAD /opt/microchip/xc32/v4.45/bin/bin/../../lib/gcc/pic32c/8.3.1/thumb/v8-m.base/nofp/libgcc.a
END GROUP
LOAD /opt/microchip/xc32/v4.45/bin/bin/../../lib/gcc/pic32c/8.3.1/thumb/v8-m.base/nofp/crtend.o
LOAD /opt/microchip/xc32/v4.45/bin/bin/../../lib/gcc/pic32c/8.3.1/thumb/v8-m.base/nofp/crtn.o
                0x0000000000040000                __rom_end = (ORIGIN (rom) + LENGTH (rom))
                0x0000000000040000                __rom_nsc_end = (ORIGIN (rom_nsc) + LENGTH (rom_nsc))
                0x0000000020008000                __ram_end = (ORIGIN (ram) + LENGTH (ram))

.config_00804000
 *(.config_00804000)

.config_00804004
 *(.config_00804004)

.config_00804008
 *(.config_00804008)

.config_0080400C
 *(.config_0080400C)

.config_00804010
 *(.config_00804010)

.config_00804014
 *(.config_00804014)

.config_00804018
 *(.config_00804018)

.config_0080401C
 *(.config_0080401C)

.config_00804020
 *(.config_00804020)

.vectors        0x0000000000000000      0x15c
                0x0000000000000000                . = ALIGN (0x4)
                0x0000000000000000                _sfixed = .
 *(.vectors .vectors.* .vectors_default .vectors_default.*)
 .vectors.default
                0x0000000000000000      0x15c /tmp/ccvpRQCW.o
                0x0000000000000000                exception_table
 *(.isr_vector)
 *(.reset*)
 *(.after_vectors)

.text           0x000000000000015c       0x20
                0x000000000000015c                . = ALIGN (0x4)
 *(.glue_7t)
 .glue_7t       0x000000000000015c        0x0 linker stubs
 *(.glue_7)
 .glue_7        0x000000000000015c        0x0 linker stubs
 *veneer.o(.text.*)
 *nonsecure_entry.o(.text.*)
 *(.gnu.linkonce.r.*)
 *(.ARM.extab* .gnu.linkonce.armextab.*)
                0x000000000000015c                . = ALIGN (0x4)
 *(.init)
 .init          0x000000000000015c        0x4 /opt/microchip/xc32/v4.45/bin/bin/../../lib/gcc/pic32c/8.3.1/thumb/v8-m.base/nofp/crti.o
                0x000000000000015c                _init
 .init          0x0000000000000160        0x8 /opt/microchip/xc32/v4.45/bin/bin/../../lib/gcc/pic32c/8.3.1/thumb/v8-m.base/nofp/crtn.o
                0x0000000000000168                . = ALIGN (0x4)
                0x0000000000000168                __preinit_array_start = .
 *(.preinit_array)
                0x0000000000000168                __preinit_array_end = .
                0x0000000000000168                . = ALIGN (0x4)
                0x0000000000000168                __init_array_start = .
 *(SORT_BY_NAME(.init_array.*))
 *(.init_array)
 .init_array    0x0000000000000168        0x4 /opt/microchip/xc32/v4.45/bin/bin/../../lib/gcc/pic32c/8.3.1/thumb/v8-m.base/nofp/crtbegin.o
                0x000000000000016c                __init_array_end = .
                0x000000000000016c                . = ALIGN (0x4)
 *crtbegin.o(.ctors)
 *(EXCLUDE_FILE(*crtend.o) .ctors)
 *(SORT_BY_NAME(.ctors.*))
 *crtend.o(.ctors)
                0x000000000000016c                . = ALIGN (0x4)
 *(.fini)
 .fini          0x000000000000016c        0x4 /opt/microchip/xc32/v4.45/bin/bin/../../lib/gcc/pic32c/8.3.1/thumb/v8-m.base/nofp/crti.o
                0x000000000000016c                _fini
 .fini          0x0000000000000170        0x8 /opt/microchip/xc32/v4.45/bin/bin/../../lib/gcc/pic32c/8.3.1/thumb/v8-m.base/nofp/crtn.o
                0x0000000000000178                . = ALIGN (0x4)
                0x0000000000000178                __fini_array_start = .
 *(.fini_array)
 .fini_array    0x0000000000000178        0x4 /opt/microchip/xc32/v4.45/bin/bin/../../lib/gcc/pic32c/8.3.1/thumb/v8-m.base/nofp/crtbegin.o
 *(SORT_BY_NAME(.fini_array.*))
                0x000000000000017c                __fini_array_end = .
 *crtbegin.o(.dtors)
 *(EXCLUDE_FILE(*crtend.o) .dtors)
 *(SORT_BY_NAME(.dtors.*))
 *crtend.o(.dtors)
                0x000000000000017c                . = ALIGN (0x4)
                0x000000000000017c                _efixed = .
                [!provide]                        PROVIDE (__exidx_start = .)

.ARM.exidx
 *(.ARM.exidx* .gnu.linkonce.armexidx.*)
                [!provide]                        PROVIDE (__exidx_end = .)
                0x000000000000017c                . = ALIGN (0x4)
                0x000000000000017c                _etext = .
                0x000000000000017c                . = ALIGN (0x4)

.gnu.sgstubs    0x0000000000040000        0x0
                0x0000000000040000                _ssgstubs = .

.bss            0x0000000020000000        0x0
                0x0000000020000000                . = ALIGN (0x4)
                0x0000000020000000                __bss_start__ = .
                0x0000000020000000                _sbss = .
                0x0000000020000000                _szero = .
 *(COMMON)
                0x0000000020000000                . = ALIGN (0x4)
                0x0000000020000000                __bss_end__ = .
                0x0000000020000000                _ebss = .
                0x0000000020000000                _ezero = .
                0x0000000020000000                . = ALIGN (0x4)
                0x0000000020000000                _end = .
                0x0000000020007fff                _ram_end_ = ((ORIGIN (ram) + LENGTH (ram)) - 0x1)
OUTPUT(dist/default/production/Mini_Project_1.X.production.elf elf32-littlearm)
LOAD data_init
LOAD stack

.ARM.attributes
                0x0000000000000000       0x2e
 .ARM.attributes
                0x0000000000000000       0x22 /opt/microchip/xc32/v4.45/bin/bin/../../lib/gcc/pic32c/8.3.1/thumb/v8-m.base/nofp/crti.o
 .ARM.attributes
                0x0000000000000022       0x30 /opt/microchip/xc32/v4.45/bin/bin/../../lib/gcc/pic32c/8.3.1/thumb/v8-m.base/nofp/crtbegin.o
 .ARM.attributes
                0x0000000000000052       0x30 build/default/production/main.o
 .ARM.attributes
                0x0000000000000082       0x30 /tmp/ccvpRQCW.o
 .ARM.attributes
                0x00000000000000b2       0x30 /opt/microchip/xc32/v4.45/bin/bin/../../lib/gcc/pic32c/8.3.1/../../../../pic32c/lib/thumb/v8-m.base/nofp/libpic32c.a(data_init.o)
 .ARM.attributes
                0x00000000000000e2       0x20 /opt/microchip/xc32/v4.45/bin/bin/../../lib/gcc/pic32c/8.3.1/../../../../pic32c/lib/thumb/v8-m.base/nofp/libm-fast-emfloat.a(__aeabi_fsub.o)
 .ARM.attributes
                0x0000000000000102       0x20 /opt/microchip/xc32/v4.45/bin/bin/../../lib/gcc/pic32c/8.3.1/../../../../pic32c/lib/thumb/v8-m.base/nofp/libm-fast-emfloat.a(__aeabi_fmul.o)
 .ARM.attributes
                0x0000000000000122       0x20 /opt/microchip/xc32/v4.45/bin/bin/../../lib/gcc/pic32c/8.3.1/../../../../pic32c/lib/thumb/v8-m.base/nofp/libm-fast-emfloat.a(__aeabi_fdiv.o)
 .ARM.attributes
                0x0000000000000142       0x20 /opt/microchip/xc32/v4.45/bin/bin/../../lib/gcc/pic32c/8.3.1/../../../../pic32c/lib/thumb/v8-m.base/nofp/libm-fast-emfloat.a(__aeabi_f2uiz.o)
 .ARM.attributes
                0x0000000000000162       0x20 /opt/microchip/xc32/v4.45/bin/bin/../../lib/gcc/pic32c/8.3.1/../../../../pic32c/lib/thumb/v8-m.base/nofp/libm-fast-emfloat.a(__aeabi_i2f.o)
 .ARM.attributes
                0x0000000000000182       0x20 /opt/microchip/xc32/v4.45/bin/bin/../../lib/gcc/pic32c/8.3.1/../../../../pic32c/lib/thumb/v8-m.base/nofp/libm-fast-emfloat.a(__aeabi_ui2f.o)
 .ARM.attributes
                0x00000000000001a2       0x20 /opt/microchip/xc32/v4.45/bin/bin/../../lib/gcc/pic32c/8.3.1/../../../../pic32c/lib/thumb/v8-m.base/nofp/libm-fast-emfloat.a(__aeabi_fadd.o)
 .ARM.attributes
                0x00000000000001c2       0x32 /opt/microchip/xc32/v4.45/bin/bin/../../lib/gcc/pic32c/8.3.1/../../../../pic32c/lib/thumb/v8-m.base/nofp/libc-musl.a(__libc_start_main.o)
 .ARM.attributes
                0x00000000000001f4       0x32 /opt/microchip/xc32/v4.45/bin/bin/../../lib/gcc/pic32c/8.3.1/../../../../pic32c/lib/thumb/v8-m.base/nofp/libc-musl.a(libc.o)
 .ARM.attributes
                0x0000000000000226       0x32 /opt/microchip/xc32/v4.45/bin/bin/../../lib/gcc/pic32c/8.3.1/../../../../pic32c/lib/thumb/v8-m.base/nofp/libc-musl.a(__environ.o)
 .ARM.attributes
                0x0000000000000258       0x30 /opt/microchip/xc32/v4.45/bin/bin/../../lib/gcc/pic32c/8.3.1/thumb/v8-m.base/nofp/crtend.o
 .ARM.attributes
                0x0000000000000288       0x22 /opt/microchip/xc32/v4.45/bin/bin/../../lib/gcc/pic32c/8.3.1/thumb/v8-m.base/nofp/crtn.o
 .ARM.attributes
                0x00000000000002aa       0x30 /opt/microchip/xc32/v4.45/bin/bin/../../lib/gcc/pic32c/8.3.1/../../../../pic32c/lib/thumb/v8-m.base/nofp/libpic32c.a(pic32_data_init_clear.o)
 .ARM.attributes
                0x00000000000002da       0x30 /opt/microchip/xc32/v4.45/bin/bin/../../lib/gcc/pic32c/8.3.1/../../../../pic32c/lib/thumb/v8-m.base/nofp/libpic32c.a(pic32_data_init_copy.o)

.comment        0x0000000000000000       0x2b
 .comment       0x0000000000000000       0x2b /opt/microchip/xc32/v4.45/bin/bin/../../lib/gcc/pic32c/8.3.1/thumb/v8-m.base/nofp/crtbegin.o
                                         0x2c (size before relaxing)
 .comment       0x000000000000002b       0x2c build/default/production/main.o
 .comment       0x000000000000002b       0x2c /tmp/ccvpRQCW.o
 .comment       0x000000000000002b       0x2c /opt/microchip/xc32/v4.45/bin/bin/../../lib/gcc/pic32c/8.3.1/../../../../pic32c/lib/thumb/v8-m.base/nofp/libpic32c.a(data_init.o)
 .comment       0x000000000000002b       0x2c /opt/microchip/xc32/v4.45/bin/bin/../../lib/gcc/pic32c/8.3.1/../../../../pic32c/lib/thumb/v8-m.base/nofp/libc-musl.a(__libc_start_main.o)
 .comment       0x000000000000002b       0x2c /opt/microchip/xc32/v4.45/bin/bin/../../lib/gcc/pic32c/8.3.1/../../../../pic32c/lib/thumb/v8-m.base/nofp/libc-musl.a(libc.o)
 .comment       0x000000000000002b       0x2c /opt/microchip/xc32/v4.45/bin/bin/../../lib/gcc/pic32c/8.3.1/../../../../pic32c/lib/thumb/v8-m.base/nofp/libc-musl.a(__environ.o)
 .comment       0x000000000000002b       0x2c /opt/microchip/xc32/v4.45/bin/bin/../../lib/gcc/pic32c/8.3.1/thumb/v8-m.base/nofp/crtend.o
 .comment       0x000000000000002b       0x2c /opt/microchip/xc32/v4.45/bin/bin/../../lib/gcc/pic32c/8.3.1/../../../../pic32c/lib/thumb/v8-m.base/nofp/libpic32c.a(pic32_data_init_clear.o)
 .comment       0x000000000000002b       0x2c /opt/microchip/xc32/v4.45/bin/bin/../../lib/gcc/pic32c/8.3.1/../../../../pic32c/lib/thumb/v8-m.base/nofp/libpic32c.a(pic32_data_init_copy.o)

.debug_info     0x0000000000000000     0x2034
 .debug_info    0x0000000000000000     0x1959 build/default/production/main.o
 .debug_info    0x0000000000001959       0x54 /opt/microchip/xc32/v4.45/bin/bin/../../lib/gcc/pic32c/8.3.1/../../../../pic32c/lib/thumb/v8-m.base/nofp/libpic32c.a(data_init.o)
 .debug_info    0x00000000000019ad      0x2fb /opt/microchip/xc32/v4.45/bin/bin/../../lib/gcc/pic32c/8.3.1/../../../../pic32c/lib/thumb/v8-m.base/nofp/libc-musl.a(__libc_start_main.o)
 .debug_info    0x0000000000001ca8      0x276 /opt/microchip/xc32/v4.45/bin/bin/../../lib/gcc/pic32c/8.3.1/../../../../pic32c/lib/thumb/v8-m.base/nofp/libc-musl.a(libc.o)
 .debug_info    0x0000000000001f1e       0x97 /opt/microchip/xc32/v4.45/bin/bin/../../lib/gcc/pic32c/8.3.1/../../../../pic32c/lib/thumb/v8-m.base/nofp/libc-musl.a(__environ.o)
 .debug_info    0x0000000000001fb5       0x3f /opt/microchip/xc32/v4.45/bin/bin/../../lib/gcc/pic32c/8.3.1/../../../../pic32c/lib/thumb/v8-m.base/nofp/libpic32c.a(pic32_data_init_clear.o)
 .debug_info    0x0000000000001ff4       0x40 /opt/microchip/xc32/v4.45/bin/bin/../../lib/gcc/pic32c/8.3.1/../../../../pic32c/lib/thumb/v8-m.base/nofp/libpic32c.a(pic32_data_init_copy.o)

.debug_abbrev   0x0000000000000000      0x607
 .debug_abbrev  0x0000000000000000      0x2fe build/default/production/main.o
 .debug_abbrev  0x00000000000002fe       0x44 /opt/microchip/xc32/v4.45/bin/bin/../../lib/gcc/pic32c/8.3.1/../../../../pic32c/lib/thumb/v8-m.base/nofp/libpic32c.a(data_init.o)
 .debug_abbrev  0x0000000000000342      0x133 /opt/microchip/xc32/v4.45/bin/bin/../../lib/gcc/pic32c/8.3.1/../../../../pic32c/lib/thumb/v8-m.base/nofp/libc-musl.a(__libc_start_main.o)
 .debug_abbrev  0x0000000000000475       0xd4 /opt/microchip/xc32/v4.45/bin/bin/../../lib/gcc/pic32c/8.3.1/../../../../pic32c/lib/thumb/v8-m.base/nofp/libc-musl.a(libc.o)
 .debug_abbrev  0x0000000000000549       0x62 /opt/microchip/xc32/v4.45/bin/bin/../../lib/gcc/pic32c/8.3.1/../../../../pic32c/lib/thumb/v8-m.base/nofp/libc-musl.a(__environ.o)
 .debug_abbrev  0x00000000000005ab       0x2e /opt/microchip/xc32/v4.45/bin/bin/../../lib/gcc/pic32c/8.3.1/../../../../pic32c/lib/thumb/v8-m.base/nofp/libpic32c.a(pic32_data_init_clear.o)
 .debug_abbrev  0x00000000000005d9       0x2e /opt/microchip/xc32/v4.45/bin/bin/../../lib/gcc/pic32c/8.3.1/../../../../pic32c/lib/thumb/v8-m.base/nofp/libpic32c.a(pic32_data_init_copy.o)

.debug_loc      0x0000000000000000      0x66a
 .debug_loc     0x0000000000000000      0x5e4 build/default/production/main.o
 .debug_loc     0x00000000000005e4       0x14 /opt/microchip/xc32/v4.45/bin/bin/../../lib/gcc/pic32c/8.3.1/../../../../pic32c/lib/thumb/v8-m.base/nofp/libpic32c.a(data_init.o)
 .debug_loc     0x00000000000005f8       0x5e /opt/microchip/xc32/v4.45/bin/bin/../../lib/gcc/pic32c/8.3.1/../../../../pic32c/lib/thumb/v8-m.base/nofp/libc-musl.a(__libc_start_main.o)
 .debug_loc     0x0000000000000656       0x14 /opt/microchip/xc32/v4.45/bin/bin/../../lib/gcc/pic32c/8.3.1/../../../../pic32c/lib/thumb/v8-m.base/nofp/libpic32c.a(pic32_data_init_copy.o)

.debug_aranges  0x0000000000000000       0xe0
 .debug_aranges
                0x0000000000000000       0x20 build/default/production/main.o
 .debug_aranges
                0x0000000000000020       0x28 /opt/microchip/xc32/v4.45/bin/bin/../../lib/gcc/pic32c/8.3.1/../../../../pic32c/lib/thumb/v8-m.base/nofp/libpic32c.a(data_init.o)
 .debug_aranges
                0x0000000000000048       0x28 /opt/microchip/xc32/v4.45/bin/bin/../../lib/gcc/pic32c/8.3.1/../../../../pic32c/lib/thumb/v8-m.base/nofp/libc-musl.a(__libc_start_main.o)
 .debug_aranges
                0x0000000000000070       0x18 /opt/microchip/xc32/v4.45/bin/bin/../../lib/gcc/pic32c/8.3.1/../../../../pic32c/lib/thumb/v8-m.base/nofp/libc-musl.a(libc.o)
 .debug_aranges
                0x0000000000000088       0x18 /opt/microchip/xc32/v4.45/bin/bin/../../lib/gcc/pic32c/8.3.1/../../../../pic32c/lib/thumb/v8-m.base/nofp/libc-musl.a(__environ.o)
 .debug_aranges
                0x00000000000000a0       0x20 /opt/microchip/xc32/v4.45/bin/bin/../../lib/gcc/pic32c/8.3.1/../../../../pic32c/lib/thumb/v8-m.base/nofp/libpic32c.a(pic32_data_init_clear.o)
 .debug_aranges
                0x00000000000000c0       0x20 /opt/microchip/xc32/v4.45/bin/bin/../../lib/gcc/pic32c/8.3.1/../../../../pic32c/lib/thumb/v8-m.base/nofp/libpic32c.a(pic32_data_init_copy.o)

.debug_line     0x0000000000000000      0xc32
 .debug_line    0x0000000000000000      0x73e build/default/production/main.o
 .debug_line    0x000000000000073e       0x8e /opt/microchip/xc32/v4.45/bin/bin/../../lib/gcc/pic32c/8.3.1/../../../../pic32c/lib/thumb/v8-m.base/nofp/libpic32c.a(data_init.o)
 .debug_line    0x00000000000007cc      0x1bf /opt/microchip/xc32/v4.45/bin/bin/../../lib/gcc/pic32c/8.3.1/../../../../pic32c/lib/thumb/v8-m.base/nofp/libc-musl.a(__libc_start_main.o)
 .debug_line    0x000000000000098b       0xb5 /opt/microchip/xc32/v4.45/bin/bin/../../lib/gcc/pic32c/8.3.1/../../../../pic32c/lib/thumb/v8-m.base/nofp/libc-musl.a(libc.o)
 .debug_line    0x0000000000000a40       0xfb /opt/microchip/xc32/v4.45/bin/bin/../../lib/gcc/pic32c/8.3.1/../../../../pic32c/lib/thumb/v8-m.base/nofp/libc-musl.a(__environ.o)
 .debug_line    0x0000000000000b3b       0x6f /opt/microchip/xc32/v4.45/bin/bin/../../lib/gcc/pic32c/8.3.1/../../../../pic32c/lib/thumb/v8-m.base/nofp/libpic32c.a(pic32_data_init_clear.o)
 .debug_line    0x0000000000000baa       0x88 /opt/microchip/xc32/v4.45/bin/bin/../../lib/gcc/pic32c/8.3.1/../../../../pic32c/lib/thumb/v8-m.base/nofp/libpic32c.a(pic32_data_init_copy.o)

.debug_str      0x0000000000000000     0x21a0
 .debug_str     0x0000000000000000     0x128b build/default/production/main.o
 .debug_str     0x000000000000128b      0x1f8 /opt/microchip/xc32/v4.45/bin/bin/../../lib/gcc/pic32c/8.3.1/../../../../pic32c/lib/thumb/v8-m.base/nofp/libpic32c.a(data_init.o)
 .debug_str     0x0000000000001483      0x3d7 /opt/microchip/xc32/v4.45/bin/bin/../../lib/gcc/pic32c/8.3.1/../../../../pic32c/lib/thumb/v8-m.base/nofp/libc-musl.a(__libc_start_main.o)
 .debug_str     0x000000000000185a      0x342 /opt/microchip/xc32/v4.45/bin/bin/../../lib/gcc/pic32c/8.3.1/../../../../pic32c/lib/thumb/v8-m.base/nofp/libc-musl.a(libc.o)
 .debug_str     0x0000000000001b9c      0x242 /opt/microchip/xc32/v4.45/bin/bin/../../lib/gcc/pic32c/8.3.1/../../../../pic32c/lib/thumb/v8-m.base/nofp/libc-musl.a(__environ.o)
 .debug_str     0x0000000000001dde      0x1e2 /opt/microchip/xc32/v4.45/bin/bin/../../lib/gcc/pic32c/8.3.1/../../../../pic32c/lib/thumb/v8-m.base/nofp/libpic32c.a(pic32_data_init_clear.o)
 .debug_str     0x0000000000001fc0      0x1e0 /opt/microchip/xc32/v4.45/bin/bin/../../lib/gcc/pic32c/8.3.1/../../../../pic32c/lib/thumb/v8-m.base/nofp/libpic32c.a(pic32_data_init_copy.o)

.debug_frame    0x0000000000000000      0x45c
 .debug_frame   0x0000000000000000      0x3a4 build/default/production/main.o
 .debug_frame   0x00000000000003a4       0x38 /opt/microchip/xc32/v4.45/bin/bin/../../lib/gcc/pic32c/8.3.1/../../../../pic32c/lib/thumb/v8-m.base/nofp/libpic32c.a(data_init.o)
 .debug_frame   0x00000000000003dc       0x38 /opt/microchip/xc32/v4.45/bin/bin/../../lib/gcc/pic32c/8.3.1/../../../../pic32c/lib/thumb/v8-m.base/nofp/libc-musl.a(__libc_start_main.o)
 .debug_frame   0x0000000000000414       0x20 /opt/microchip/xc32/v4.45/bin/bin/../../lib/gcc/pic32c/8.3.1/../../../../pic32c/lib/thumb/v8-m.base/nofp/libpic32c.a(pic32_data_init_clear.o)
 .debug_frame   0x0000000000000434       0x28 /opt/microchip/xc32/v4.45/bin/bin/../../lib/gcc/pic32c/8.3.1/../../../../pic32c/lib/thumb/v8-m.base/nofp/libpic32c.a(pic32_data_init_copy.o)

.debug_ranges   0x0000000000000000       0x70
 .debug_ranges  0x0000000000000000       0x18 /opt/microchip/xc32/v4.45/bin/bin/../../lib/gcc/pic32c/8.3.1/../../../../pic32c/lib/thumb/v8-m.base/nofp/libpic32c.a(data_init.o)
 .debug_ranges  0x0000000000000018       0x38 /opt/microchip/xc32/v4.45/bin/bin/../../lib/gcc/pic32c/8.3.1/../../../../pic32c/lib/thumb/v8-m.base/nofp/libc-musl.a(__libc_start_main.o)
 .debug_ranges  0x0000000000000050       0x10 /opt/microchip/xc32/v4.45/bin/bin/../../lib/gcc/pic32c/8.3.1/../../../../pic32c/lib/thumb/v8-m.base/nofp/libpic32c.a(pic32_data_init_clear.o)
 .debug_ranges  0x0000000000000060       0x10 /opt/microchip/xc32/v4.45/bin/bin/../../lib/gcc/pic32c/8.3.1/../../../../pic32c/lib/thumb/v8-m.base/nofp/libpic32c.a(pic32_data_init_copy.o)

.note.GNU-stack
                0x0000000000000000        0x0
 .note.GNU-stack
                0x0000000000000000        0x0 /opt/microchip/xc32/v4.45/bin/bin/../../lib/gcc/pic32c/8.3.1/../../../../pic32c/lib/thumb/v8-m.base/nofp/libc-musl.a(__libc_start_main.o)
 .note.GNU-stack
                0x0000000000000000        0x0 /opt/microchip/xc32/v4.45/bin/bin/../../lib/gcc/pic32c/8.3.1/../../../../pic32c/lib/thumb/v8-m.base/nofp/libc-musl.a(libc.o)
 .note.GNU-stack
                0x0000000000000000        0x0 /opt/microchip/xc32/v4.45/bin/bin/../../lib/gcc/pic32c/8.3.1/../../../../pic32c/lib/thumb/v8-m.base/nofp/libc-musl.a(__environ.o)

.stack          0x0000000020000108      0x100
 .stack         0x0000000020000108      0x100 stack

.bss%1          0x0000000020000000       0x50
 .bss           0x0000000020000000       0x50 /opt/microchip/xc32/v4.45/bin/bin/../../lib/gcc/pic32c/8.3.1/../../../../pic32c/lib/thumb/v8-m.base/nofp/libc-musl.a(libc.o)
                0x0000000020000000                program_invocation_name
                0x0000000020000000                __progname_full
                0x0000000020000004                __progname
                0x0000000020000004                program_invocation_short_name
                0x0000000020000008                __sysinfo
                0x000000002000000c                __hwcap
                0x0000000020000010                __libc

.bss%2          0x0000000020000050       0x1c
 .bss           0x0000000020000050       0x1c /opt/microchip/xc32/v4.45/bin/bin/../../lib/gcc/pic32c/8.3.1/thumb/v8-m.base/nofp/crtbegin.o

.bss%3          0x000000002000006c       0x14
 .bss           0x000000002000006c       0x14 build/default/production/main.o
                0x000000002000006c                x
                0x0000000020000070                decreasing_brightness
                0x0000000020000074                freeze
                0x0000000020000078                i
                0x000000002000007c                j

.bss%4          0x0000000020000080        0x4
 .bss           0x0000000020000080        0x4 /opt/microchip/xc32/v4.45/bin/bin/../../lib/gcc/pic32c/8.3.1/../../../../pic32c/lib/thumb/v8-m.base/nofp/libpic32c.a(data_init.o)

.bss%5          0x0000000020000084        0x4
 .bss           0x0000000020000084        0x4 /opt/microchip/xc32/v4.45/bin/bin/../../lib/gcc/pic32c/8.3.1/../../../../pic32c/lib/thumb/v8-m.base/nofp/libc-musl.a(__environ.o)
                0x0000000020000084                _environ
                0x0000000020000084                __environ
                0x0000000020000084                environ
                0x0000000020000084                ___environ

.bss%z1         0x0000000000000000        0x0
 .bss           0x0000000000000000        0x0 /opt/microchip/xc32/v4.45/bin/bin/../../lib/gcc/pic32c/8.3.1/../../../../pic32c/lib/thumb/v8-m.base/nofp/libpic32c.a(pic32_data_init_copy.o)

.bss%z2         0x0000000000000000        0x0
 .bss           0x0000000000000000        0x0 /opt/microchip/xc32/v4.45/bin/bin/../../lib/gcc/pic32c/8.3.1/../../../../pic32c/lib/thumb/v8-m.base/nofp/libpic32c.a(pic32_data_init_clear.o)

.bss%z3         0x0000000000000000        0x0
 .bss           0x0000000000000000        0x0 /opt/microchip/xc32/v4.45/bin/bin/../../lib/gcc/pic32c/8.3.1/thumb/v8-m.base/nofp/crtn.o

.bss%z4         0x0000000000000000        0x0
 .bss           0x0000000000000000        0x0 /opt/microchip/xc32/v4.45/bin/bin/../../lib/gcc/pic32c/8.3.1/thumb/v8-m.base/nofp/crtend.o

.bss%z5         0x0000000000000000        0x0
 .bss           0x0000000000000000        0x0 /opt/microchip/xc32/v4.45/bin/bin/../../lib/gcc/pic32c/8.3.1/../../../../pic32c/lib/thumb/v8-m.base/nofp/libc-musl.a(__libc_start_main.o)

.bss%z6         0x0000000000000000        0x0
 .bss           0x0000000000000000        0x0 /tmp/ccvpRQCW.o

.bss%z7         0x0000000000000000        0x0
 .bss           0x0000000000000000        0x0 /opt/microchip/xc32/v4.45/bin/bin/../../lib/gcc/pic32c/8.3.1/thumb/v8-m.base/nofp/crti.o

.data%6         0x0000000020000088       0x4c
 .data          0x0000000020000088       0x4c build/default/production/main.o
                0x0000000020000088                direction
                0x000000002000008c                colors
                0x00000000200000c8                multiplier
                0x00000000200000cc                delay
                0x00000000200000d0                normal

.data%7         0x00000000200000d4        0x4
 .data          0x00000000200000d4        0x4 /opt/microchip/xc32/v4.45/bin/bin/../../lib/gcc/pic32c/8.3.1/thumb/v8-m.base/nofp/crtbegin.o
                0x00000000200000d4                __dso_handle

.eh_frame%8     0x00000000200000d8        0x4
 .eh_frame      0x00000000200000d8        0x4 /opt/microchip/xc32/v4.45/bin/bin/../../lib/gcc/pic32c/8.3.1/thumb/v8-m.base/nofp/crtend.o

.data%z8        0x0000000000000000        0x0
 .data          0x0000000000000000        0x0 /opt/microchip/xc32/v4.45/bin/bin/../../lib/gcc/pic32c/8.3.1/../../../../pic32c/lib/thumb/v8-m.base/nofp/libpic32c.a(pic32_data_init_copy.o)

.data%z9        0x0000000000000000        0x0
 .data          0x0000000000000000        0x0 /opt/microchip/xc32/v4.45/bin/bin/../../lib/gcc/pic32c/8.3.1/../../../../pic32c/lib/thumb/v8-m.base/nofp/libpic32c.a(pic32_data_init_clear.o)

.data%z10       0x0000000000000000        0x0
 .data          0x0000000000000000        0x0 /opt/microchip/xc32/v4.45/bin/bin/../../lib/gcc/pic32c/8.3.1/thumb/v8-m.base/nofp/crtn.o

.data%z11       0x0000000000000000        0x0
 .data          0x0000000000000000        0x0 /opt/microchip/xc32/v4.45/bin/bin/../../lib/gcc/pic32c/8.3.1/thumb/v8-m.base/nofp/crtend.o

.data%z12       0x0000000000000000        0x0
 .data          0x0000000000000000        0x0 /opt/microchip/xc32/v4.45/bin/bin/../../lib/gcc/pic32c/8.3.1/../../../../pic32c/lib/thumb/v8-m.base/nofp/libc-musl.a(__environ.o)

.data%z13       0x0000000000000000        0x0
 .data          0x0000000000000000        0x0 /opt/microchip/xc32/v4.45/bin/bin/../../lib/gcc/pic32c/8.3.1/../../../../pic32c/lib/thumb/v8-m.base/nofp/libc-musl.a(libc.o)

.data%z14       0x0000000000000000        0x0
 .data          0x0000000000000000        0x0 /opt/microchip/xc32/v4.45/bin/bin/../../lib/gcc/pic32c/8.3.1/../../../../pic32c/lib/thumb/v8-m.base/nofp/libc-musl.a(__libc_start_main.o)

.data%z15       0x0000000000000000        0x0
 .data          0x0000000000000000        0x0 /opt/microchip/xc32/v4.45/bin/bin/../../lib/gcc/pic32c/8.3.1/../../../../pic32c/lib/thumb/v8-m.base/nofp/libpic32c.a(data_init.o)

.data%z16       0x0000000000000000        0x0
 .data          0x0000000000000000        0x0 /tmp/ccvpRQCW.o

.eh_frame%z17   0x0000000000000000        0x0
 .eh_frame      0x0000000000000000        0x0 /opt/microchip/xc32/v4.45/bin/bin/../../lib/gcc/pic32c/8.3.1/thumb/v8-m.base/nofp/crtbegin.o

.data%z18       0x0000000000000000        0x0
 .data          0x0000000000000000        0x0 /opt/microchip/xc32/v4.45/bin/bin/../../lib/gcc/pic32c/8.3.1/thumb/v8-m.base/nofp/crti.o

.text%9         0x000000000000017c     0x111c
 .text          0x000000000000017c     0x111c build/default/production/main.o
                0x00000000000002ac                PB_02_Init
                0x000000000000032e                PA_03_Init
                0x00000000000003aa                PA_06_Init
                0x0000000000000424                PB_03_Init
                0x00000000000004a8                SW_1_Init
                0x000000000000051c                SW_2_Init
                0x0000000000000590                ADC_Initialize
                0x0000000000000678                ADC_Enable
                0x00000000000006b0                ADC_ConversionStart
                0x00000000000006f4                ADC_ConversionResultGet
                0x000000000000070a                ADC_ConversionStatusGet
                0x0000000000000758                delay_ms
                0x000000000000078c                Cycle_RGB
                0x0000000000000a50                Adjust_Brightness
                0x0000000000000bb2                Adjust_Period_and_Direction
                0x0000000000000cd8                RGB_to_CC
                0x0000000000000d2a                GCLK_Init
                0x0000000000000d58                TCC3_Init
                0x0000000000000e30                Clock_Source
                0x0000000000000f66                Start
                0x0000000000000f7c                Clocks_Init
                0x0000000000000f9a                IO_Init
                0x0000000000000fb4                SW_Init
                0x0000000000000fc6                EIC_Start
                0x0000000000001000                EIC_EXTINT_0_Handler
                0x0000000000001052                EIC_EXTINT_1_Handler
                0x00000000000010bc                EIC_Initialize
                0x0000000000001236                NVIC_Initialize
                0x0000000000001262                main

.text.__aeabi_fadd%10
                0x0000000000001298      0x136
 .text.__aeabi_fadd
                0x0000000000001298      0x136 /opt/microchip/xc32/v4.45/bin/bin/../../lib/gcc/pic32c/8.3.1/../../../../pic32c/lib/thumb/v8-m.base/nofp/libm-fast-emfloat.a(__aeabi_fadd.o)
                0x0000000000001298                __aeabi_fadd
                0x000000000000129c                .L__aeabi_fadd_fast_entry

.text.__aeabi_fmul%11
                0x00000000000013ce       0xb6
 .text.__aeabi_fmul
                0x00000000000013ce       0xb6 /opt/microchip/xc32/v4.45/bin/bin/../../lib/gcc/pic32c/8.3.1/../../../../pic32c/lib/thumb/v8-m.base/nofp/libm-fast-emfloat.a(__aeabi_fmul.o)
                0x00000000000013ce                __aeabi_fmul

.dinit%12       0x0000000000001484       0xb0
 .dinit         0x0000000000001484       0xb0 data_init

.text.__aeabi_fdiv%13
                0x0000000000001534       0x94
 .text.__aeabi_fdiv
                0x0000000000001534       0x94 /opt/microchip/xc32/v4.45/bin/bin/../../lib/gcc/pic32c/8.3.1/../../../../pic32c/lib/thumb/v8-m.base/nofp/libm-fast-emfloat.a(__aeabi_fdiv.o)
                0x0000000000001534                __aeabi_fdiv

.text.Reset_Handler%14
                0x00000000000015c8       0x7e
 .text.Reset_Handler
                0x00000000000015c8       0x7e /tmp/ccvpRQCW.o
                0x00000000000015c8                Reset_Handler

.text.__libc_start_init%15
                0x0000000000001648       0x5c
 .text.__libc_start_init
                0x0000000000001648       0x5c /opt/microchip/xc32/v4.45/bin/bin/../../lib/gcc/pic32c/8.3.1/../../../../pic32c/lib/thumb/v8-m.base/nofp/libc-musl.a(__libc_start_main.o)
                0x0000000000001648                __libc_init_array

.text%16        0x00000000000016a4       0x40
 .text          0x00000000000016a4       0x40 /opt/microchip/xc32/v4.45/bin/bin/../../lib/gcc/pic32c/8.3.1/thumb/v8-m.base/nofp/crtbegin.o

.text.__pic32c_data_initialization%17
                0x00000000000016e4       0x30
 .text.__pic32c_data_initialization
                0x00000000000016e4       0x30 /opt/microchip/xc32/v4.45/bin/bin/../../lib/gcc/pic32c/8.3.1/../../../../pic32c/lib/thumb/v8-m.base/nofp/libpic32c.a(data_init.o)
                0x00000000000016e4                __pic32c_data_initialization

.text.__aeabi_i2f%18
                0x0000000000001714       0x26
 .text.__aeabi_i2f
                0x0000000000001714       0x26 /opt/microchip/xc32/v4.45/bin/bin/../../lib/gcc/pic32c/8.3.1/../../../../pic32c/lib/thumb/v8-m.base/nofp/libm-fast-emfloat.a(__aeabi_i2f.o)
                0x0000000000001714                __aeabi_i2f

.text.__aeabi_f2uiz%19
                0x000000000000173a       0x24
 .text.__aeabi_f2uiz
                0x000000000000173a       0x24 /opt/microchip/xc32/v4.45/bin/bin/../../lib/gcc/pic32c/8.3.1/../../../../pic32c/lib/thumb/v8-m.base/nofp/libm-fast-emfloat.a(__aeabi_f2uiz.o)
                0x000000000000173a                __aeabi_f2uiz

.text.__aeabi_ui2f%20
                0x000000000000175e       0x1e
 .text.__aeabi_ui2f
                0x000000000000175e       0x1e /opt/microchip/xc32/v4.45/bin/bin/../../lib/gcc/pic32c/8.3.1/../../../../pic32c/lib/thumb/v8-m.base/nofp/libm-fast-emfloat.a(__aeabi_ui2f.o)
                0x000000000000175e                __aeabi_ui2f

.text.__dinit_copy%21
                0x000000000000177c       0x1e
 .text.__dinit_copy
                0x000000000000177c       0x1e /opt/microchip/xc32/v4.45/bin/bin/../../lib/gcc/pic32c/8.3.1/../../../../pic32c/lib/thumb/v8-m.base/nofp/libpic32c.a(pic32_data_init_copy.o)
                0x000000000000177c                __dinit_copy
                0x000000000000177c                __dinit_copy_needed

.rodata%22      0x000000000000179c       0x14
 .rodata        0x000000000000179c       0x14 /opt/microchip/xc32/v4.45/bin/bin/../../lib/gcc/pic32c/8.3.1/../../../../pic32c/lib/thumb/v8-m.base/nofp/libpic32c.a(data_init.o)

.text.__dinit_clear%23
                0x00000000000017b0       0x12
 .text.__dinit_clear
                0x00000000000017b0       0x12 /opt/microchip/xc32/v4.45/bin/bin/../../lib/gcc/pic32c/8.3.1/../../../../pic32c/lib/thumb/v8-m.base/nofp/libpic32c.a(pic32_data_init_clear.o)
                0x00000000000017b0                __dinit_clear_needed
                0x00000000000017b0                __dinit_clear

.text.__aeabi_fsub%24
                0x00000000000017c2       0x10
 .text.__aeabi_fsub
                0x00000000000017c2       0x10 /opt/microchip/xc32/v4.45/bin/bin/../../lib/gcc/pic32c/8.3.1/../../../../pic32c/lib/thumb/v8-m.base/nofp/libm-fast-emfloat.a(__aeabi_fsub.o)
                0x00000000000017c2                __aeabi_fsub

.text.__dummy_decompress%25
                0x00000000000017d2        0x4
 .text.__dummy_decompress
                0x00000000000017d2        0x4 /opt/microchip/xc32/v4.45/bin/bin/../../lib/gcc/pic32c/8.3.1/../../../../pic32c/lib/thumb/v8-m.base/nofp/libpic32c.a(data_init.o)
                0x00000000000017d2                __dinit_copy_emb
                0x00000000000017d2                __dinit_decompress
                0x00000000000017d2                __dinit_copy_val_data

.text.Dummy_Handler%26
                0x0000000000001646        0x2
 .text.Dummy_Handler
                0x0000000000001646        0x2 /tmp/ccvpRQCW.o
                0x0000000000001646                SVCall_Handler
                0x0000000000001646                SERCOM0_2_Handler
                0x0000000000001646                EVSYS_0_Handler
                0x0000000000001646                TRNG_Handler
                0x0000000000001646                ADC_RESRDY_Handler
                0x0000000000001646                HardFault_Handler
                0x0000000000001646                TC2_Handler
                0x0000000000001646                AC_Handler
                0x0000000000001646                DMAC_OTHER_Handler
                0x0000000000001646                EIC_EXTINT_5_Handler
                0x0000000000001646                SERCOM3_1_Handler
                0x0000000000001646                SysTick_Handler
                0x0000000000001646                SERCOM4_OTHER_Handler
                0x0000000000001646                SERCOM3_2_Handler
                0x0000000000001646                EIC_EXTINT_6_Handler
                0x0000000000001646                PendSV_Handler
                0x0000000000001646                EVSYS_3_Handler
                0x0000000000001646                NonMaskableInt_Handler
                0x0000000000001646                TCC1_Handler
                0x0000000000001646                EIC_EXTINT_4_Handler
                0x0000000000001646                EIC_EXTINT_7_Handler
                0x0000000000001646                SERCOM0_OTHER_Handler
                0x0000000000001646                TCC0_Handler
                0x0000000000001646                SERCOM0_0_Handler
                0x0000000000001646                RTC_Handler
                0x0000000000001646                SERCOM4_0_Handler
                0x0000000000001646                SERCOM1_OTHER_Handler
                0x0000000000001646                EVSYS_1_Handler
                0x0000000000001646                DMAC_0_Handler
                0x0000000000001646                WDT_Handler
                0x0000000000001646                TRAM_Handler
                0x0000000000001646                EVSYS_NSCHK_Handler
                0x0000000000001646                SERCOM5_0_Handler
                0x0000000000001646                TC1_Handler
                0x0000000000001646                DAC_UNDERRUN_Handler
                0x0000000000001646                DAC_EMPTY_Handler
                0x0000000000001646                PAC_Handler
                0x0000000000001646                USB_Handler
                0x0000000000001646                SERCOM4_1_Handler
                0x0000000000001646                Dummy_Handler
                0x0000000000001646                SERCOM5_1_Handler
                0x0000000000001646                DMAC_2_Handler
                0x0000000000001646                SERCOM0_1_Handler
                0x0000000000001646                SERCOM5_OTHER_Handler
                0x0000000000001646                DMAC_1_Handler
                0x0000000000001646                TCC3_Handler
                0x0000000000001646                TCC2_Handler
                0x0000000000001646                EIC_EXTINT_2_Handler
                0x0000000000001646                SERCOM1_1_Handler
                0x0000000000001646                EVSYS_7_Handler
                0x0000000000001646                I2S_Handler
                0x0000000000001646                NVMCTRL_Handler
                0x0000000000001646                PORT_Handler
                0x0000000000001646                SYSTEM_Handler
                0x0000000000001646                SERCOM1_0_Handler
                0x0000000000001646                SERCOM2_1_Handler
                0x0000000000001646                SERCOM1_2_Handler
                0x0000000000001646                SERCOM3_0_Handler
                0x0000000000001646                SERCOM4_2_Handler
                0x0000000000001646                EVSYS_4_Handler
                0x0000000000001646                SERCOM5_2_Handler
                0x0000000000001646                SERCOM2_2_Handler
                0x0000000000001646                EIC_EXTINT_3_Handler
                0x0000000000001646                SERCOM3_OTHER_Handler
                0x0000000000001646                PTC_Handler
                0x0000000000001646                EVSYS_6_Handler
                0x0000000000001646                EVSYS_5_Handler
                0x0000000000001646                EVSYS_2_Handler
                0x0000000000001646                SERCOM2_OTHER_Handler
                0x0000000000001646                FREQM_Handler
                0x0000000000001646                TC0_Handler
                0x0000000000001646                EIC_OTHER_Handler
                0x0000000000001646                ADC_OTHER_Handler
                0x0000000000001646                DMAC_3_Handler
                0x0000000000001646                SERCOM2_0_Handler

.text.__dummy%27
                0x000000000000179a        0x2
 .text.__dummy  0x000000000000179a        0x2 /opt/microchip/xc32/v4.45/bin/bin/../../lib/gcc/pic32c/8.3.1/../../../../pic32c/lib/thumb/v8-m.base/nofp/libc-musl.a(__libc_start_main.o)
                0x000000000000179a                __init_host
                0x000000000000179a                __init_stdio

.text%z19       0x0000000000000000        0x0
 .text          0x0000000000000000        0x0 /opt/microchip/xc32/v4.45/bin/bin/../../lib/gcc/pic32c/8.3.1/../../../../pic32c/lib/thumb/v8-m.base/nofp/libpic32c.a(pic32_data_init_copy.o)

.text%z20       0x0000000000000000        0x0
 .text          0x0000000000000000        0x0 /opt/microchip/xc32/v4.45/bin/bin/../../lib/gcc/pic32c/8.3.1/../../../../pic32c/lib/thumb/v8-m.base/nofp/libpic32c.a(pic32_data_init_clear.o)

.text%z21       0x0000000000000000        0x0
 .text          0x0000000000000000        0x0 /opt/microchip/xc32/v4.45/bin/bin/../../lib/gcc/pic32c/8.3.1/thumb/v8-m.base/nofp/crtn.o

.text%z22       0x0000000000000000        0x0
 .text          0x0000000000000000        0x0 /opt/microchip/xc32/v4.45/bin/bin/../../lib/gcc/pic32c/8.3.1/thumb/v8-m.base/nofp/crtend.o

.text%z23       0x0000000000000000        0x0
 .text          0x0000000000000000        0x0 /opt/microchip/xc32/v4.45/bin/bin/../../lib/gcc/pic32c/8.3.1/../../../../pic32c/lib/thumb/v8-m.base/nofp/libc-musl.a(__environ.o)

.text%z24       0x0000000000000000        0x0
 .text          0x0000000000000000        0x0 /opt/microchip/xc32/v4.45/bin/bin/../../lib/gcc/pic32c/8.3.1/../../../../pic32c/lib/thumb/v8-m.base/nofp/libc-musl.a(libc.o)

.text%z25       0x0000000000000000        0x0
 .text          0x0000000000000000        0x0 /opt/microchip/xc32/v4.45/bin/bin/../../lib/gcc/pic32c/8.3.1/../../../../pic32c/lib/thumb/v8-m.base/nofp/libc-musl.a(__libc_start_main.o)

.text%z26       0x0000000000000000        0x0
 .text          0x0000000000000000        0x0 /opt/microchip/xc32/v4.45/bin/bin/../../lib/gcc/pic32c/8.3.1/../../../../pic32c/lib/thumb/v8-m.base/nofp/libpic32c.a(data_init.o)

.text%z27       0x0000000000000000        0x0
 .text          0x0000000000000000        0x0 /tmp/ccvpRQCW.o

.text%z28       0x0000000000000000        0x0
 .text          0x0000000000000000        0x0 /opt/microchip/xc32/v4.45/bin/bin/../../lib/gcc/pic32c/8.3.1/thumb/v8-m.base/nofp/crti.o
